warn:i18nlangtag:478776:478776:i18nlangtag/source/isolang/mslangid.cxx:105: MsLangId::getConfiguredSystemLanguage() - not configured yet
warn:i18nlangtag:478776:478776:i18nlangtag/source/isolang/mslangid.cxx:115: MsLangId::getConfiguredSystemUILanguage() - not configured yet
warn:desktop.app:478776:478778:unotools/source/ucbhelper/localfilehelper.cxx:86: error removing directory file:///home/jiajun/LibreOffice/study_LiteCore/wasm_sdk_probe/../findings/evidence/045/native/run/user-profile/user/extensions
warn:opencl:478872:478872:opencl/opencltest/main.cxx:159: OpenCL driver check failed: -54(line 159)
warn:lok:478776:478776:sfx2/source/view/lokhelper.cxx:1118: no explicit viewshell set
warn:lok:478776:478776:sfx2/source/view/lokhelper.cxx:1118: no explicit viewshell set
warn:lok:478776:478776:sfx2/source/view/lokhelper.cxx:1118: no explicit viewshell set
warn:lok:478776:478776:sfx2/source/view/lokhelper.cxx:1118: no explicit viewshell set
warn:lok:478776:478776:sfx2/source/view/lokhelper.cxx:1118: no explicit viewshell set
warn:lok:478776:478776:sfx2/source/view/lokhelper.cxx:1118: no explicit viewshell set
warn:lok:478776:478776:sfx2/source/view/lokhelper.cxx:1118: no explicit viewshell set
warn:lok:478776:478776:sfx2/source/view/lokhelper.cxx:1118: no explicit viewshell set
warn:lok:478776:478776:sfx2/source/view/lokhelper.cxx:1118: no explicit viewshell set
warn:lok:478776:478776:sfx2/source/view/lokhelper.cxx:1118: no explicit viewshell set
warn:lok:478776:478776:sfx2/source/view/lokhelper.cxx:1118: no explicit viewshell set
warn:lok:478776:478776:sfx2/source/view/lokhelper.cxx:1118: no explicit viewshell set
warn:svx.dialog:478776:478778:svx/source/dialog/rlrcitem.cxx:75: SvxTabStopItem expected
warn:lok:478776:478776:sfx2/source/view/lokhelper.cxx:1118: no explicit viewshell set
warn:lok:478776:478776:sfx2/source/view/lokhelper.cxx:1118: no explicit viewshell set
warn:lok:478776:478776:sfx2/source/view/lokhelper.cxx:1118: no explicit viewshell set
warn:lok:478776:478776:sfx2/source/view/lokhelper.cxx:1118: no explicit viewshell set
warn:svx.dialog:478776:478778:svx/source/dialog/rlrcitem.cxx:75: SvxTabStopItem expected
warn:lok:478776:478776:sfx2/source/view/lokhelper.cxx:1118: no explicit viewshell set
warn:lok:478776:478776:sfx2/source/view/lokhelper.cxx:1118: no explicit viewshell set
warn:lok:478776:478776:sfx2/source/view/lokhelper.cxx:1118: no explicit viewshell set
warn:lok:478776:478776:sfx2/source/view/lokhelper.cxx:1118: no explicit viewshell set
warn:svx.dialog:478776:478778:svx/source/dialog/rlrcitem.cxx:75: SvxTabStopItem expected
warn:lok:478776:478776:sfx2/source/view/lokhelper.cxx:1118: no explicit viewshell set
warn:lok:478776:478776:sfx2/source/view/lokhelper.cxx:1118: no explicit viewshell set
warn:lok:478776:478776:sfx2/source/view/lokhelper.cxx:1118: no explicit viewshell set
warn:lok:478776:478776:sfx2/source/view/lokhelper.cxx:1118: no explicit viewshell set
warn:svx.dialog:478776:478778:svx/source/dialog/rlrcitem.cxx:75: SvxTabStopItem expected
warn:lok:478776:478776:sfx2/source/view/lokhelper.cxx:1118: no explicit viewshell set
warn:lok:478776:478776:sfx2/source/view/lokhelper.cxx:1118: no explicit viewshell set
warn:lok:478776:478776:sfx2/source/view/lokhelper.cxx:1118: no explicit viewshell set
warn:lok:478776:478776:sfx2/source/view/lokhelper.cxx:1118: no explicit viewshell set
warn:svx.dialog:478776:478778:svx/source/dialog/rlrcitem.cxx:75: SvxTabStopItem expected
warn:lok:478776:478776:sfx2/source/view/lokhelper.cxx:1118: no explicit viewshell set
warn:lok:478776:478776:sfx2/source/view/lokhelper.cxx:1118: no explicit viewshell set
warn:lok:478776:478776:sfx2/source/view/lokhelper.cxx:1118: no explicit viewshell set
warn:lok:478776:478776:sfx2/source/view/lokhelper.cxx:1118: no explicit viewshell set
warn:svx.dialog:478776:478778:svx/source/dialog/rlrcitem.cxx:75: SvxTabStopItem expected
warn:lok:478776:478776:sfx2/source/view/lokhelper.cxx:1118: no explicit viewshell set
warn:lok:478776:478776:sfx2/source/view/lokhelper.cxx:1118: no explicit viewshell set
warn:lok:478776:478776:sfx2/source/view/lokhelper.cxx:1118: no explicit viewshell set
warn:lok:478776:478776:sfx2/source/view/lokhelper.cxx:1118: no explicit viewshell set
warn:svx.dialog:478776:478778:svx/source/dialog/rlrcitem.cxx:75: SvxTabStopItem expected
warn:lok:478776:478776:sfx2/source/view/lokhelper.cxx:1118: no explicit viewshell set
warn:lok:478776:478776:sfx2/source/view/lokhelper.cxx:1118: no explicit viewshell set
warn:lok:478776:478776:sfx2/source/view/lokhelper.cxx:1118: no explicit viewshell set
warn:lok:478776:478776:sfx2/source/view/lokhelper.cxx:1118: no explicit viewshell set
warn:lok:478776:478776:sfx2/source/view/lokhelper.cxx:1118: no explicit viewshell set
warn:lok:478776:478776:sfx2/source/view/lokhelper.cxx:1118: no explicit viewshell set
warn:lok:478776:478776:sfx2/source/view/lokhelper.cxx:1118: no explicit viewshell set
warn:lok:478776:478776:sfx2/source/view/lokhelper.cxx:1118: no explicit viewshell set
warn:lok:478776:478776:sfx2/source/view/lokhelper.cxx:1118: no explicit viewshell set
warn:lok:478776:478776:sfx2/source/view/lokhelper.cxx:1118: no explicit viewshell set
warn:lok:478776:478776:sfx2/source/view/lokhelper.cxx:1118: no explicit viewshell set
warn:lok:478776:478776:sfx2/source/view/lokhelper.cxx:1118: no explicit viewshell set
warn:svx.dialog:478776:478778:svx/source/dialog/rlrcitem.cxx:75: SvxTabStopItem expected
warn:lok:478776:478776:sfx2/source/view/lokhelper.cxx:1118: no explicit viewshell set
warn:lok:478776:478776:sfx2/source/view/lokhelper.cxx:1118: no explicit viewshell set
warn:lok:478776:478776:sfx2/source/view/lokhelper.cxx:1118: no explicit viewshell set
warn:lok:478776:478776:sfx2/source/view/lokhelper.cxx:1118: no explicit viewshell set
warn:svx.dialog:478776:478778:svx/source/dialog/rlrcitem.cxx:75: SvxTabStopItem expected
warn:lok:478776:478776:sfx2/source/view/lokhelper.cxx:1118: no explicit viewshell set
warn:lok:478776:478776:sfx2/source/view/lokhelper.cxx:1118: no explicit viewshell set
warn:lok:478776:478776:sfx2/source/view/lokhelper.cxx:1118: no explicit viewshell set
warn:lok:478776:478776:sfx2/source/view/lokhelper.cxx:1118: no explicit viewshell set
warn:svx.dialog:478776:478778:svx/source/dialog/rlrcitem.cxx:75: SvxTabStopItem expected
warn:lok:478776:478776:sfx2/source/view/lokhelper.cxx:1118: no explicit viewshell set
warn:lok:478776:478776:sfx2/source/view/lokhelper.cxx:1118: no explicit viewshell set
warn:lok:478776:478776:sfx2/source/view/lokhelper.cxx:1118: no explicit viewshell set
warn:lok:478776:478776:sfx2/source/view/lokhelper.cxx:1118: no explicit viewshell set
warn:svx.dialog:478776:478778:svx/source/dialog/rlrcitem.cxx:75: SvxTabStopItem expected
warn:lok:478776:478776:sfx2/source/view/lokhelper.cxx:1118: no explicit viewshell set
warn:lok:478776:478776:sfx2/source/view/lokhelper.cxx:1118: no explicit viewshell set
warn:lok:478776:478776:sfx2/source/view/lokhelper.cxx:1118: no explicit viewshell set
warn:lok:478776:478776:sfx2/source/view/lokhelper.cxx:1118: no explicit viewshell set
warn:svx.dialog:478776:478778:svx/source/dialog/rlrcitem.cxx:75: SvxTabStopItem expected
warn:lok:478776:478776:sfx2/source/view/lokhelper.cxx:1118: no explicit viewshell set
warn:lok:478776:478776:sfx2/source/view/lokhelper.cxx:1118: no explicit viewshell set
warn:lok:478776:478776:sfx2/source/view/lokhelper.cxx:1118: no explicit viewshell set
warn:lok:478776:478776:sfx2/source/view/lokhelper.cxx:1118: no explicit viewshell set
warn:lok:478776:478776:sfx2/source/view/lokhelper.cxx:1118: no explicit viewshell set
warn:lok:478776:478776:sfx2/source/view/lokhelper.cxx:1118: no explicit viewshell set
warn:lok:478776:478776:sfx2/source/view/lokhelper.cxx:1118: no explicit viewshell set
warn:lok:478776:478776:sfx2/source/view/lokhelper.cxx:1118: no explicit viewshell set
warn:svx.dialog:478776:478778:svx/source/dialog/rlrcitem.cxx:75: SvxTabStopItem expected
warn:lok:478776:478776:sfx2/source/view/lokhelper.cxx:1118: no explicit viewshell set
warn:lok:478776:478776:sfx2/source/view/lokhelper.cxx:1118: no explicit viewshell set
warn:lok:478776:478776:sfx2/source/view/lokhelper.cxx:1118: no explicit viewshell set
warn:lok:478776:478776:sfx2/source/view/lokhelper.cxx:1118: no explicit viewshell set
warn:lok:478776:478776:sfx2/source/view/lokhelper.cxx:1118: no explicit viewshell set
warn:lok:478776:478776:sfx2/source/view/lokhelper.cxx:1118: no explicit viewshell set
warn:lok:478776:478776:sfx2/source/view/lokhelper.cxx:1118: no explicit viewshell set
warn:lok:478776:478776:sfx2/source/view/lokhelper.cxx:1118: no explicit viewshell set
warn:lok:478776:478776:sfx2/source/view/lokhelper.cxx:1118: no explicit viewshell set
warn:lok:478776:478776:sfx2/source/view/lokhelper.cxx:1118: no explicit viewshell set
warn:lok:478776:478776:sfx2/source/view/lokhelper.cxx:1118: no explicit viewshell set
warn:lok:478776:478776:sfx2/source/view/lokhelper.cxx:1118: no explicit viewshell set
warn:svx.dialog:478776:478778:svx/source/dialog/rlrcitem.cxx:75: SvxTabStopItem expected
warn:lok:478776:478776:sfx2/source/view/lokhelper.cxx:1118: no explicit viewshell set
warn:lok:478776:478776:sfx2/source/view/lokhelper.cxx:1118: no explicit viewshell set
warn:lok:478776:478776:sfx2/source/view/lokhelper.cxx:1118: no explicit viewshell set
warn:lok:478776:478776:sfx2/source/view/lokhelper.cxx:1118: no explicit viewshell set
warn:svx.dialog:478776:478778:svx/source/dialog/rlrcitem.cxx:75: SvxTabStopItem expected
warn:lok:478776:478776:sfx2/source/view/lokhelper.cxx:1118: no explicit viewshell set
warn:lok:478776:478776:sfx2/source/view/lokhelper.cxx:1118: no explicit viewshell set
warn:lok:478776:478776:sfx2/source/view/lokhelper.cxx:1118: no explicit viewshell set
warn:lok:478776:478776:sfx2/source/view/lokhelper.cxx:1118: no explicit viewshell set
warn:svx.dialog:478776:478778:svx/source/dialog/rlrcitem.cxx:75: SvxTabStopItem expected
warn:lok:478776:478776:sfx2/source/view/lokhelper.cxx:1118: no explicit viewshell set
warn:lok:478776:478776:sfx2/source/view/lokhelper.cxx:1118: no explicit viewshell set
warn:lok:478776:478776:sfx2/source/view/lokhelper.cxx:1118: no explicit viewshell set
warn:lok:478776:478776:sfx2/source/view/lokhelper.cxx:1118: no explicit viewshell set
warn:svx.dialog:478776:478778:svx/source/dialog/rlrcitem.cxx:75: SvxTabStopItem expected
warn:lok:478776:478776:sfx2/source/view/lokhelper.cxx:1118: no explicit viewshell set
warn:lok:478776:478776:sfx2/source/view/lokhelper.cxx:1118: no explicit viewshell set
warn:lok:478776:478776:sfx2/source/view/lokhelper.cxx:1118: no explicit viewshell set
warn:lok:478776:478776:sfx2/source/view/lokhelper.cxx:1118: no explicit viewshell set
warn:svx.dialog:478776:478778:svx/source/dialog/rlrcitem.cxx:75: SvxTabStopItem expected
warn:lok:478776:478776:sfx2/source/view/lokhelper.cxx:1118: no explicit viewshell set
warn:lok:478776:478776:sfx2/source/view/lokhelper.cxx:1118: no explicit viewshell set
warn:lok:478776:478776:sfx2/source/view/lokhelper.cxx:1118: no explicit viewshell set
warn:lok:478776:478776:sfx2/source/view/lokhelper.cxx:1118: no explicit viewshell set
warn:lok:478776:478776:sfx2/source/view/lokhelper.cxx:1118: no explicit viewshell set
warn:lok:478776:478776:sfx2/source/view/lokhelper.cxx:1118: no explicit viewshell set
warn:lok:478776:478776:sfx2/source/view/lokhelper.cxx:1118: no explicit viewshell set
warn:lok:478776:478776:sfx2/source/view/lokhelper.cxx:1118: no explicit viewshell set
warn:svx.dialog:478776:478778:svx/source/dialog/rlrcitem.cxx:75: SvxTabStopItem expected
warn:lok:478776:478776:sfx2/source/view/lokhelper.cxx:1118: no explicit viewshell set
warn:lok:478776:478776:sfx2/source/view/lokhelper.cxx:1118: no explicit viewshell set
warn:lok:478776:478776:sfx2/source/view/lokhelper.cxx:1118: no explicit viewshell set
warn:lok:478776:478776:sfx2/source/view/lokhelper.cxx:1118: no explicit viewshell set
warn:lok:478776:478776:sfx2/source/view/lokhelper.cxx:1118: no explicit viewshell set
warn:lok:478776:478776:sfx2/source/view/lokhelper.cxx:1118: no explicit viewshell set
warn:lok:478776:478776:sfx2/source/view/lokhelper.cxx:1118: no explicit viewshell set
warn:lok:478776:478776:sfx2/source/view/lokhelper.cxx:1118: no explicit viewshell set
warn:lok:478776:478776:sfx2/source/view/lokhelper.cxx:1118: no explicit viewshell set
warn:lok:478776:478776:sfx2/source/view/lokhelper.cxx:1118: no explicit viewshell set
warn:lok:478776:478776:sfx2/source/view/lokhelper.cxx:1118: no explicit viewshell set
warn:lok:478776:478776:sfx2/source/view/lokhelper.cxx:1118: no explicit viewshell set
warn:svx.dialog:478776:478778:svx/source/dialog/rlrcitem.cxx:75: SvxTabStopItem expected
warn:lok:478776:478776:sfx2/source/view/lokhelper.cxx:1118: no explicit viewshell set
warn:lok:478776:478776:sfx2/source/view/lokhelper.cxx:1118: no explicit viewshell set
warn:lok:478776:478776:sfx2/source/view/lokhelper.cxx:1118: no explicit viewshell set
warn:lok:478776:478776:sfx2/source/view/lokhelper.cxx:1118: no explicit viewshell set
warn:svx.dialog:478776:478778:svx/source/dialog/rlrcitem.cxx:75: SvxTabStopItem expected
warn:lok:478776:478776:sfx2/source/view/lokhelper.cxx:1118: no explicit viewshell set
warn:lok:478776:478776:sfx2/source/view/lokhelper.cxx:1118: no explicit viewshell set
warn:lok:478776:478776:sfx2/source/view/lokhelper.cxx:1118: no explicit viewshell set
warn:lok:478776:478776:sfx2/source/view/lokhelper.cxx:1118: no explicit viewshell set
warn:svx.dialog:478776:478778:svx/source/dialog/rlrcitem.cxx:75: SvxTabStopItem expected
warn:lok:478776:478776:sfx2/source/view/lokhelper.cxx:1118: no explicit viewshell set
warn:lok:478776:478776:sfx2/source/view/lokhelper.cxx:1118: no explicit viewshell set
warn:lok:478776:478776:sfx2/source/view/lokhelper.cxx:1118: no explicit viewshell set
warn:lok:478776:478776:sfx2/source/view/lokhelper.cxx:1118: no explicit viewshell set
warn:svx.dialog:478776:478778:svx/source/dialog/rlrcitem.cxx:75: SvxTabStopItem expected
warn:lok:478776:478776:sfx2/source/view/lokhelper.cxx:1118: no explicit viewshell set
warn:lok:478776:478776:sfx2/source/view/lokhelper.cxx:1118: no explicit viewshell set
warn:lok:478776:478776:sfx2/source/view/lokhelper.cxx:1118: no explicit viewshell set
warn:lok:478776:478776:sfx2/source/view/lokhelper.cxx:1118: no explicit viewshell set
warn:svx.dialog:478776:478778:svx/source/dialog/rlrcitem.cxx:75: SvxTabStopItem expected
warn:lok:478776:478776:sfx2/source/view/lokhelper.cxx:1118: no explicit viewshell set
warn:lok:478776:478776:sfx2/source/view/lokhelper.cxx:1118: no explicit viewshell set
warn:lok:478776:478776:sfx2/source/view/lokhelper.cxx:1118: no explicit viewshell set
warn:lok:478776:478776:sfx2/source/view/lokhelper.cxx:1118: no explicit viewshell set
warn:svx.dialog:478776:478778:svx/source/dialog/rlrcitem.cxx:75: SvxTabStopItem expected
warn:lok:478776:478776:sfx2/source/view/lokhelper.cxx:1118: no explicit viewshell set
warn:lok:478776:478776:sfx2/source/view/lokhelper.cxx:1118: no explicit viewshell set
warn:lok:478776:478776:sfx2/source/view/lokhelper.cxx:1118: no explicit viewshell set
warn:lok:478776:478776:sfx2/source/view/lokhelper.cxx:1118: no explicit viewshell set
warn:svx.dialog:478776:478778:svx/source/dialog/rlrcitem.cxx:75: SvxTabStopItem expected
warn:unotools.config:478776:478776:unotools/source/config/configmgr.cxx:147: ConfigManager not empty
