載入中⋯{"arm":"set-list-none--collapsed","rounds":3,"routes":["collapsed","collapsed","collapsed"]}
{"arm":"set-list-none--range-single","rounds":3,"routes":["range-single","range-single","range-single"]}
{"arm":"set-list-none--range-cross","rounds":3,"routes":["range-cross","range-cross","range-cross"]}
{"arm":"set-list-unordered--collapsed","rounds":3,"routes":["collapsed","collapsed","collapsed"]}
{"arm":"set-list-unordered--range-single","rounds":3,"routes":["range-single","range-single","range-single"]}
{"arm":"set-list-unordered--range-cross","rounds":3,"routes":["range-cross","range-cross","range-cross"]}
{"arm":"set-list-ordered--collapsed","rounds":3,"routes":["collapsed","collapsed","collapsed"]}
{"arm":"set-list-ordered--range-single","rounds":3,"routes":["range-single","range-single","range-single"]}
{"arm":"set-list-ordered--range-cross","rounds":3,"routes":["range-cross","range-cross","range-cross"]}
{"arm":"set-paragraph-heading--collapsed","rounds":3,"routes":["collapsed","collapsed","collapsed"]}
{"arm":"set-paragraph-heading--range-single","rounds":3,"routes":["range-single","range-single","range-single"]}
{"arm":"set-paragraph-heading--range-cross","rounds":3,"routes":["range-cross","range-cross","range-cross"]}
{"arm":"set-paragraph-body--collapsed","rounds":3,"routes":["collapsed","collapsed","collapsed"]}
{"arm":"set-paragraph-body--range-single","rounds":3,"routes":["range-single","range-single","range-single"]}
{"arm":"set-paragraph-body--range-cross","rounds":3,"routes":["range-cross","range-cross","range-cross"]}
{"arm":"reverse-range","rounds":3,"routes":["range-single","range-single","range-single"]}
{"arm":"wrapped-line-range","rounds":3,"routes":["range-single","range-single","range-single"]}
{"arm":"list-transition-ul-to-ol","rounds":3,"routes":["range-single","range-single","range-single"]}
{"arm":"mid-list-departure","rounds":3,"routes":["range-cross","range-cross","range-cross"]}
{"arm":"mixed-state-crossing","rounds":3,"routes":["range-cross","range-cross","range-cross"]}
{"arm":"no-op-repeat","rounds":3,"routes":["collapsed","collapsed","collapsed"]}
{"arm":"self-red-expect-ol-dispatch-bullet","rounds":3,"routes":["range-cross","range-cross","range-cross"]}
{"complete":true,"arms":22,"saves":135}
