{
  "browser": "chrome",
  "evidence": "/home/jiajun/LibreOffice/study_LiteCore/findings/evidence/sdk-e2/discovery/049-selection-after-format/wasm-round1/a3a4a5-940b7723/browser/chrome/multi-paragraph/result.json",
  "pass": false,
  "mode": "a3",
  "cases": "all",
  "a2": {
    "listBulletKnown": false,
    "listNumberKnown": false,
    "paragraphStyleKnown": false,
    "trackedCaret": false,
    "tracking": {
      "listTracked": false,
      "listReadInsideList": false,
      "listReadOutsideList": false,
      "styleTracked": false,
      "headingStyles": [],
      "bodyStyles": [],
      "freshPositions": [],
      "stalePositions": []
    },
    "readbackComplete": false,
    "caretOnlyProducedFormatState": false,
    "caretMovedWithoutFormatState": false,
    "controlProducedFormatState": true,
    "caretTrackedAfterControl": false
  },
  "documentPostconditions": {
    "judged": 5,
    "met": 5,
    "allMet": true
  },
  "error": null
}
{
  "browser": "chrome",
  "evidence": "/home/jiajun/LibreOffice/study_LiteCore/findings/evidence/sdk-e2/discovery/049-selection-after-format/wasm-round1/a3a4a5-940b7723/browser/chrome/multi-paragraph/attempt-02/result.json",
  "pass": false,
  "mode": "a3",
  "cases": "all",
  "a2": {
    "listBulletKnown": false,
    "listNumberKnown": false,
    "paragraphStyleKnown": false,
    "trackedCaret": false,
    "tracking": {
      "listTracked": false,
      "listReadInsideList": false,
      "listReadOutsideList": false,
      "styleTracked": false,
      "headingStyles": [],
      "bodyStyles": [],
      "freshPositions": [],
      "stalePositions": []
    },
    "readbackComplete": false,
    "caretOnlyProducedFormatState": false,
    "caretMovedWithoutFormatState": false,
    "controlProducedFormatState": true,
    "caretTrackedAfterControl": false
  },
  "documentPostconditions": {
    "judged": 5,
    "met": 5,
    "allMet": true
  },
  "error": null
}
{
  "browser": "chrome",
  "evidence": "/home/jiajun/LibreOffice/study_LiteCore/findings/evidence/sdk-e2/discovery/049-selection-after-format/wasm-round1/a3a4a5-940b7723/browser/chrome/multi-paragraph/attempt-03/result.json",
  "pass": false,
  "mode": "a3",
  "cases": "all",
  "a2": {
    "listBulletKnown": false,
    "listNumberKnown": false,
    "paragraphStyleKnown": false,
    "trackedCaret": false,
    "tracking": {
      "listTracked": false,
      "listReadInsideList": false,
      "listReadOutsideList": false,
      "styleTracked": false,
      "headingStyles": [],
      "bodyStyles": [],
      "freshPositions": [],
      "stalePositions": []
    },
    "readbackComplete": false,
    "caretOnlyProducedFormatState": false,
    "caretMovedWithoutFormatState": false,
    "controlProducedFormatState": true,
    "caretTrackedAfterControl": false
  },
  "documentPostconditions": {
    "judged": 5,
    "met": 5,
    "allMet": true
  },
  "error": null
}
{
  "browser": "chrome",
  "evidence": "/home/jiajun/LibreOffice/study_LiteCore/findings/evidence/sdk-e2/discovery/049-selection-after-format/wasm-round1/a3a4a5-940b7723/repeat/chrome/multi-paragraph/result.json",
  "pass": false,
  "mode": "a4",
  "cases": "all",
  "a2": {
    "listBulletKnown": false,
    "listNumberKnown": false,
    "paragraphStyleKnown": false,
    "trackedCaret": false,
    "tracking": {
      "listTracked": false,
      "listReadInsideList": false,
      "listReadOutsideList": false,
      "styleTracked": false,
      "headingStyles": [],
      "bodyStyles": [],
      "freshPositions": [],
      "stalePositions": []
    },
    "readbackComplete": false,
    "caretOnlyProducedFormatState": false,
    "caretMovedWithoutFormatState": false,
    "controlProducedFormatState": true,
    "caretTrackedAfterControl": false
  },
  "documentPostconditions": {
    "judged": 15,
    "met": 15,
    "allMet": true
  },
  "error": null
}
{
  "browser": "chrome",
  "evidence": "/home/jiajun/LibreOffice/study_LiteCore/findings/evidence/sdk-e2/discovery/049-selection-after-format/wasm-round1/a3a4a5-940b7723/repeat/chrome/multi-paragraph/attempt-02/result.json",
  "pass": false,
  "mode": "a4",
  "cases": "all",
  "a2": {
    "listBulletKnown": false,
    "listNumberKnown": false,
    "paragraphStyleKnown": false,
    "trackedCaret": false,
    "tracking": {
      "listTracked": false,
      "listReadInsideList": false,
      "listReadOutsideList": false,
      "styleTracked": false,
      "headingStyles": [],
      "bodyStyles": [],
      "freshPositions": [],
      "stalePositions": []
    },
    "readbackComplete": false,
    "caretOnlyProducedFormatState": false,
    "caretMovedWithoutFormatState": false,
    "controlProducedFormatState": true,
    "caretTrackedAfterControl": false
  },
  "documentPostconditions": {
    "judged": 15,
    "met": 15,
    "allMet": true
  },
  "error": null
}
{
  "browser": "chrome",
  "evidence": "/home/jiajun/LibreOffice/study_LiteCore/findings/evidence/sdk-e2/discovery/049-selection-after-format/wasm-round1/a3a4a5-940b7723/repeat/chrome/multi-paragraph/attempt-03/result.json",
  "pass": false,
  "mode": "a4",
  "cases": "all",
  "a2": {
    "listBulletKnown": false,
    "listNumberKnown": false,
    "paragraphStyleKnown": false,
    "trackedCaret": false,
    "tracking": {
      "listTracked": false,
      "listReadInsideList": false,
      "listReadOutsideList": false,
      "styleTracked": false,
      "headingStyles": [],
      "bodyStyles": [],
      "freshPositions": [],
      "stalePositions": []
    },
    "readbackComplete": false,
    "caretOnlyProducedFormatState": false,
    "caretMovedWithoutFormatState": false,
    "controlProducedFormatState": true,
    "caretTrackedAfterControl": false
  },
  "documentPostconditions": {
    "judged": 15,
    "met": 15,
    "allMet": true
  },
  "error": null
}
{
  "browser": "chrome",
  "evidence": "/home/jiajun/LibreOffice/study_LiteCore/findings/evidence/sdk-e2/discovery/049-selection-after-format/wasm-round1/a3a4a5-940b7723/browser/chrome/plain-grapheme/result.json",
  "pass": false,
  "mode": "a3",
  "cases": "all",
  "a2": {
    "listBulletKnown": false,
    "listNumberKnown": false,
    "paragraphStyleKnown": false,
    "trackedCaret": false,
    "tracking": {
      "listTracked": false,
      "listReadInsideList": false,
      "listReadOutsideList": false,
      "styleTracked": false,
      "headingStyles": [],
      "bodyStyles": [],
      "freshPositions": [],
      "stalePositions": []
    },
    "readbackComplete": false,
    "caretOnlyProducedFormatState": false,
    "caretMovedWithoutFormatState": false,
    "controlProducedFormatState": true,
    "caretTrackedAfterControl": false
  },
  "documentPostconditions": {
    "judged": 5,
    "met": 5,
    "allMet": true
  },
  "error": null
}
{
  "browser": "chrome",
  "evidence": "/home/jiajun/LibreOffice/study_LiteCore/findings/evidence/sdk-e2/discovery/049-selection-after-format/wasm-round1/a3a4a5-940b7723/browser/chrome/plain-grapheme/attempt-02/result.json",
  "pass": false,
  "mode": "a3",
  "cases": "all",
  "a2": {
    "listBulletKnown": false,
    "listNumberKnown": false,
    "paragraphStyleKnown": false,
    "trackedCaret": false,
    "tracking": {
      "listTracked": false,
      "listReadInsideList": false,
      "listReadOutsideList": false,
      "styleTracked": false,
      "headingStyles": [],
      "bodyStyles": [],
      "freshPositions": [],
      "stalePositions": []
    },
    "readbackComplete": false,
    "caretOnlyProducedFormatState": false,
    "caretMovedWithoutFormatState": false,
    "controlProducedFormatState": true,
    "caretTrackedAfterControl": false
  },
  "documentPostconditions": {
    "judged": 5,
    "met": 5,
    "allMet": true
  },
  "error": null
}
{
  "browser": "chrome",
  "evidence": "/home/jiajun/LibreOffice/study_LiteCore/findings/evidence/sdk-e2/discovery/049-selection-after-format/wasm-round1/a3a4a5-940b7723/browser/chrome/plain-grapheme/attempt-03/result.json",
  "pass": false,
  "mode": "a3",
  "cases": "all",
  "a2": {
    "listBulletKnown": false,
    "listNumberKnown": false,
    "paragraphStyleKnown": false,
    "trackedCaret": false,
    "tracking": {
      "listTracked": false,
      "listReadInsideList": false,
      "listReadOutsideList": false,
      "styleTracked": false,
      "headingStyles": [],
      "bodyStyles": [],
      "freshPositions": [],
      "stalePositions": []
    },
    "readbackComplete": false,
    "caretOnlyProducedFormatState": false,
    "caretMovedWithoutFormatState": false,
    "controlProducedFormatState": true,
    "caretTrackedAfterControl": false
  },
  "documentPostconditions": {
    "judged": 5,
    "met": 5,
    "allMet": true
  },
  "error": null
}
{
  "browser": "chrome",
  "evidence": "/home/jiajun/LibreOffice/study_LiteCore/findings/evidence/sdk-e2/discovery/049-selection-after-format/wasm-round1/a3a4a5-940b7723/repeat/chrome/plain-grapheme/result.json",
  "pass": false,
  "mode": "a4",
  "cases": "all",
  "a2": {
    "listBulletKnown": false,
    "listNumberKnown": false,
    "paragraphStyleKnown": false,
    "trackedCaret": false,
    "tracking": {
      "listTracked": false,
      "listReadInsideList": false,
      "listReadOutsideList": false,
      "styleTracked": false,
      "headingStyles": [],
      "bodyStyles": [],
      "freshPositions": [],
      "stalePositions": []
    },
    "readbackComplete": false,
    "caretOnlyProducedFormatState": false,
    "caretMovedWithoutFormatState": false,
    "controlProducedFormatState": true,
    "caretTrackedAfterControl": false
  },
  "documentPostconditions": {
    "judged": 15,
    "met": 15,
    "allMet": true
  },
  "error": null
}
