Running './configure --enable-hardening-flags --enable-mpl-subset --with-vendor=Collabora --with-system-dicts --with-myspell-dicts --with-system-zlib --disable-poppler --enable-cairo-rgba --without-system-cairo --without-system-fontconfig --without-system-freetype --without-system-graphite --without-system-harfbuzz --without-system-openssl --without-system-libpng --without-system-libxml --without-system-jpeg --without-system-expat --without-system-curl --without-system-icu --without-system-nss --without-system-jars --without-system-postgresql --without-java --without-junit --without-help --with-linker-hash-style=both --with-fonts --with-docrepair-fonts --with-galleries=no --with-theme=colibre colibre_svg --with-external-thes-dir=/usr/share/mythes --with-external-hyph-dir=/usr/share/hyphen --with-external-dict-dir=/usr/share/hunspell --disable-dbus --enable-extension-integration --disable-odk --disable-kf5 --disable-gtk3 --disable-qt5 --disable-gstreamer-1-0 --disable-evolution2 --disable-gio --disable-gui --disable-scripting-beanshell --disable-scripting-javascript --disable-ext-wiki-publisher --disable-report-builder --disable-ext-nlpsolver --disable-sdremote --disable-sdremote-bluetooth --disable-postgresql-sdbc --disable-firebird-sdbc --disable-randr --enable-epm --enable-python=internal --disable-online-update --disable-dconf --enable-mergelibs --enable-lto --with-package-format=deb rpm --enable-release-build --with-lang=ar as ast bg bn-IN br ca ca-valencia cy cs da de el en-US en-GB es et eu fi fr ga gd gl gu he hi hr hu id is it ja km kn ko lt lv ml mr nb nl nn oc or pa-IN pl pt pt-BR ro ru sk sl sr sr-Latn sv ta te tr uk vi zh-CN zh-TW --disable-lotuswordpro --disable-lpsolve --enable-symbols --enable-sal-log --with-external-tar=/home/jiajun/LibreOffice/study_LiteCore/libreoffice-26-8/external/tarballs --without-package-format --disable-epm --disable-lto --disable-symbols --disable-debug --enable-sal-log --enable-ccache --enable-python=no --with-lang=en-US --without-fonts --with-galleries=no --disable-extension-integration --srcdir=/home/jiajun/LibreOffice/study_LiteCore/native-lok-26-8/src --enable-option-checking=fatal'
********************************************************************
*
*   Running LibreOffice build configuration.
*
********************************************************************

checking build system type... x86_64-pc-linux-gnu
checking host system type... x86_64-pc-linux-gnu
checking for product name... LibreOffice
checking for package version... 26.8.0.1.0+
checking for product version... 26.8
checking for grep that handles long lines and -e... /usr/bin/grep
checking for egrep... /usr/bin/grep -E
checking for grep... (cached) /usr/bin/grep
checking for GNU Make... /usr/bin/make
checking for sed... /usr/bin/sed
checking whether to use link-time optimization... no
checking whether to enable gcov... no
configure: VCL platform has a usable dynamic loading API: yes
configure: VCL platform uses freetype+fontconfig: yes
configure: VCL platform uses headless plugin: yes
configure: VCL platform uses X11: yes
checking for explicit AFLAGS... no
checking for explicit CFLAGS... no
checking for explicit CXXFLAGS... no
checking for explicit OBJCFLAGS... no
checking for explicit OBJCXXFLAGS... no
checking for explicit LDFLAGS... no
checking for gcc... gcc
checking whether the C compiler works... yes
checking for C compiler default output file name... a.out
checking for suffix of executables... 
checking whether we are cross compiling... no
checking for suffix of object files... o
checking whether the compiler supports GNU C... yes
checking whether gcc accepts -g... yes
checking for gcc option to enable C11 features... none needed
checking for stdio.h... yes
checking for stdlib.h... yes
checking for string.h... yes
checking for inttypes.h... yes
checking for stdint.h... yes
checking for strings.h... yes
checking for sys/stat.h... yes
checking for sys/types.h... yes
checking for unistd.h... yes
checking whether byte ordering is bigendian... no
checking for library containing dlsym... none required
checking for pkg-config... /usr/bin/pkg-config
checking pkg-config is at least version 0.9.0... yes
checking for library containing backtrace... none required
checking whether to record build config... no
checking whether build target is Release Build... yes
checking whether build should auto use hardening compiler flags... yes
checking whether to sign windows build... no
checking for gawk... gawk
checking for gawk... /usr/bin/gawk
checking for bash... /bin/bash
checking for pigz... /usr/bin/pigz
checking for GNU or BSD tar... tar
checking for tar's option to strip components... --strip-components
checking how to build and package galleries... disable non-internal gallery build
checking build with or without template files... enable all templates
checking for ccache... /usr/bin/ccache
checking gcc home... /usr
checking for gcc... /usr/bin/gcc
checking whether to build with Java support... no
checking whether to treat the installation as read-only... no
checking for -isystem ... yes
checking whether the compiler is actually Clang... no
checking whether gcc is already ccached... no
checking whether ccache gcc supports -ggdb2... yes
checking the GCC version... gcc 15.2.0 (150200)
checking whether to build with additional debug utilities... no
checking whether to do a debug build... no
checking whether to enable (the UNO parts of) embindtest... no
checking for linker that is used... GNU ld (GNU Binutils for Ubuntu) 2.46
checking for -Bsymbolic-functions linker support... found 
checking for --gc-sections linker support... found 
checking whether ccache gcc supports -Xclang -debug-info-kind=constructor... no
checking whether to generate debug information... no
checking whether to compile with optimization flags... yes
checking whether to build with .NET support... yes
checking for dotnet... no
configure: WARNING: dotnet not found, disabling .NET support
checking whether to enable Rust UNO support... no
checking which package format to use... none
checking which help to build... no
checking if we need to build the help index tooling... no
checking whether to enable xapian-omega support for online help... no
checking whether to include the XML-help support... yes
checking for helppack integration... no integration
checking which lockfile binary to use... internal
checking for getopt.h... yes
checking for paths.h... yes
checking for sys/param.h... yes
checking for utime... yes
checking for utimes... yes
checking for syslog.h... yes
checking whether to turn warnings to errors... no
checking whether to have assert() failures abort even without --enable-debug... no
checking whether to use ooenv for the instdir installation... no
checking whether to build the pagein binaries for oosplash... yes
checking whether to enable CPDB support... no
checking whether to enable CUPS support... no
checking which fontconfig to use... internal
checking whether we want to fetch tarballs... yes, if we use them
checking whether to include MySpell dictionaries... yes
checking whether to use dicts from external paths... yes
checking for spelling dictionary directory... file:///usr/share/hunspell
checking for hyphenation patterns directory... file:///usr/share/hyphen
checking for thesaurus directory... file:///usr/share/mythes
checking whether to enable pch feature... no
checking the GNU Make version... /usr/bin/make 4.4.1
checking for --hash-style gcc linker support... both 
checking for perl... /usr/bin/perl
checking the Perl version... Perl 5
checking for required Perl modules... all modules found
checking for gcc-ar... gcc-ar
checking for gcc-nm... gcc-nm
checking for gcc-ranlib... gcc-ranlib
checking for gcc-objdump... no
checking for objdump... objdump
checking for gcc-readelf... no
checking for readelf... readelf
checking for gcc-strip... no
checking for strip... strip
checking for g++... g++
checking whether the compiler supports GNU C++... yes
checking whether g++ accepts -g... yes
checking for g++ option to enable C++11 features... none needed
checking the GNU C++ compiler version... ok (g++ 15)
checking how to run the C++ preprocessor... g++  -E
checking whether g++ is broken with boost.thread... yes
checking whether g++ is already ccached... no
checking how to run the C++ preprocessor... g++  -E
checking how to run the C preprocessor... /usr/bin/ccache gcc  -E
checking size of long... 8
checking size of short... 2
checking size of int... 4
checking size of long long... 8
checking size of double... 8
checking size of void*... 8
checking size of size_t... 8
checking alignment of short... 2
checking alignment of int... 4
checking alignment of long... 8
checking alignment of double... 8
checking for  option for large files... none needed
checking whether jumbo sheets are supported... yes
checking whether to enable runtime optimizations... yes
checking for valgrind/valgrind.h... yes
checking for sys/sdt.h... no
checking for full RELRO linker support... yes
checking whether ccache gcc supports -grecord-gcc-switches... yes
checking whether ccache gcc supports -D_FORTIFY_SOURCE=2... no
checking whether ccache gcc supports -D_GLIBCXX_ASSERTIONS... yes
checking whether ccache gcc supports -fstack-clash-protection... yes
checking whether ccache gcc supports -fcf-protection... yes
checking whether ccache gcc supports -mno-avx... yes
checking whether ccache gcc supports atomic functions... yes
checking whether ccache g++ defines __base_class_type_info in cxxabi.h... yes
checking whether ccache g++ defines __class_type_info in cxxabi.h... yes
checking whether ccache g++ declares __cxa_allocate_exception in cxxabi.h... yes
checking whether ccache g++ defines __cxa_eh_globals in cxxabi.h... no
checking whether ccache g++ defines __cxa_exception in cxxabi.h... no
checking whether ccache g++ declares __cxa_get_globals in cxxabi.h... yes
checking whether ccache g++ declares __cxa_current_exception_type in cxxabi.h... yes
checking whether ccache g++ declares __cxa_throw in cxxabi.h... yes
checking whether ccache g++ defines __si_class_type_info in cxxabi.h... yes
checking whether ccache g++ defines __vmi_class_type_info in cxxabi.h... yes
checking whether ccache g++ supports -Wsfinae-incomplete... no
checking what the C++ library is... GNU libstdc++
checking for gperf... /usr/bin/gperf
checking whether gperf is new enough... yes (3.3)
checking which libcmis to use... internal
checking whether ccache g++ supports C++20... yes (-std=c++20)
checking whether std::atomic can be used without link library... yes
checking whether ccache g++ supports C++11 without Language Defect 757... yes
checking whether ccache g++ supports -fno-sized-deallocation... yes
checking whether ccache g++ supports C++2a constinit sorted vectors... no
checking whether ccache g++ implements C++ DR P1155R3... yes
checking whether ccache g++ supports C++20 std::atomic_ref... yes
checking whether ccache g++ supports -Wdeprecated-copy-dtor... yes
checking whether ccache g++ might report false -Werror=maybe-uninitialized... no
checking whether ccache g++ might report false -Werror=stringop-overflow=... no
checking whether /usr/bin/ccache g++  can compile SSE2 intrinsics... yes
checking whether /usr/bin/ccache g++  can compile SSSE3 intrinsics... yes
checking whether /usr/bin/ccache g++  can compile SSE4.1 intrinsics... yes
checking whether /usr/bin/ccache g++  can compile SSE4.2 intrinsics... yes
checking whether /usr/bin/ccache g++  can compile AVX intrinsics... yes
checking whether /usr/bin/ccache g++  can compile AVX2 intrinsics... yes
checking whether /usr/bin/ccache g++  can compile AVX512 intrinsics... yes
checking whether /usr/bin/ccache g++  can compile F16C intrinsics... yes
checking whether /usr/bin/ccache g++  can compile FMA intrinsics... yes
checking if STL headers are visibility safe (GCC bug 22482)... checking for egrep -e... (cached) /usr/bin/grep -E
yes
checking if ccache g++ is -fvisibility-inlines-hidden safe (Clang bug 11250)... yes
checking if ccache g++ has a visibility bug with class-level attributes (GCC bug 26905)... no
checking if CET endbranch is recognized... yes
checking whether ccache g++ supports -fno-enforce-eh-specs... yes
checking for posix_fallocate... yes
checking whether to enable export file validation... no, as Java is disabled
checking for Microsoft Binary File Format Validator... no
checking whether to enable EPM for packing... no
checking whether to build the ODK... no
checking whether to enable fuzzers... no
checking which zlib to use... external
checking for zlib.h... yes
checking for deflate in -lz... yes
checking which zstd to use... bundled
checking which md4c to use... bundled
checking which libjpeg to use... internal, libjpeg-turbo
checking for nasm... nasm
checking for object file format of host system... ELF64
checking for object file format specifier (NAFLAGS) ... -felf64 -DELF -D__x86_64__ -DPIC
checking whether the assembler (nasm -felf64 -DELF -D__x86_64__ -DPIC) works... yes
checking which clucene to use... internal
checking which expat to use... internal
checking which xmlsec to use... internal
checking whether to enable Embedded OpenType support... yes
checking which libeot to use... internal
checking which librevenge to use... internal
checking which libodfgen to use... internal
checking which libepubgen to use... internal
checking which libwpd to use... internal
checking which libwpg to use... internal
checking which libwps to use... internal
checking which libvisio to use... internal
checking which libcdr to use... internal
checking which libmspub to use... internal
checking which libmwaw to use... internal
checking which libetonyek to use... internal
checking which libfreehand to use... internal
checking which libebook to use... internal
checking which libabw to use... internal
checking which libpagemaker to use... internal
checking which libqxp to use... internal
checking which libzmf to use... internal
checking which libstaroffice to use... internal
checking which lcms2 to use... internal
checking which cppunit to use... internal
checking which freetype to use... internal
checking which libxslt to use... internal
checking which libxml to use... internal
checking for a Python interpreter with version >= 3.7... python3
checking for python3... /usr/bin/python3
checking for python3 version... 3.14
checking for python3 platform... linux
checking for GNU default python3 prefix... ${prefix}
checking for GNU default python3 exec_prefix... ${exec_prefix}
checking for python3 script directory (pythondir)... ${PYTHON_PREFIX}/lib/python3.14/site-packages
checking for python3 extension module directory (pyexecdir)... ${PYTHON_EXEC_PREFIX}/lib/python3.14/site-packages
checking which Python to use for Pyuno... none
checking for python lxml... yes
checking whether to enable QuickJS... no
checking whether to build LibreLogo... no; Python disabled
checking whether to build the MariaDB/MySQL SDBC driver... no
checking whether to build the PostgreSQL SDBC driver... no
checking which curl to use... internal
checking for library containing gss_init_sec_context... -lgssapi_krb5
checking which boost to use... internal
checking which mdds to use... internal
checking which dragonbox to use... internal
checking which fast_float to use... internal
checking which frozen to use... internal
checking which libfixmath to use... internal
checking which glm to use... internal
checking which odbc headers to use... internal
checking which nss to use... internal
checking whether to enable LDAP support... yes
checking which openldap library to use... internal
checking which TLS/SSL and cryptographic implementation to use... NSS
checking which sane header to use... internal
checking which icu to use... internal
checking whether to enable breakpad... no
checking which orcus to use... internal
checking whether to enable the parquet filter... no
checking which graphite to use... internal
checking which harfbuzz to use... internal
checking whether to use Xrender... no
checking whether to enable RandR support... no
checking for WebDAV support... yes
checking whether to execute CVE tests... yes
checking whether to execute NaN payload tests... yes
checking whether to disable OpenSSL usage... no
checking which openssl to use... internal
checking whether to enable the OpenSSL backend for rtl/cipher.h... no
checking which argon2 to use... internal
checking which redland to use... internal
checking which libhunspell to use... internal
checking which zxcvbn to use... internal
checking whether to use zxing... yes
checking which libzxing to use... internal
checking whether zxing::tosvg function is available... no
checking which box2d to use... internal
checking which altlinuxhyph to use... internal
checking which mythes to use... internal
checking whether to build with CoinMP... yes
checking whether to build with lpsolve... no
checking which libexttextcat to use... internal
checking which libnumbertext to use... internal
checking whether the libc is recent enough... checking for uuidgen... /usr/bin/uuidgen
checking for bison... /usr/bin/bison
checking the bison version... checking for flex... /usr/bin/flex
checking the flex version... checking for diff... /usr/bin/diff
checking for uniq... /usr/bin/uniq
checking for patch... /usr/bin/patch
checking for gnucp... /usr/bin/gnucp
checking whether /usr/bin/gnucp is GNU cp from coreutils with preserve= support... yes
checking for zip... /usr/bin/zip
checking for unzip... /usr/bin/unzip
checking for touch... /usr/bin/touch
checking which epoxy to use... not tested
configure: VCLplugs to be built: none
checking whether to enable DBUS support... no
checking whether to enable Impress remote control... no
checking whether to enable dconf... no
checking whether to build the PDF import feature... yes
checking whether to build PDFium... yes
checking which OpenJPEG library to use... internal
checking which Abseil library to use... internal
checking which AFDKO to use... internal
checking whether to build Poppler... no
checking whether to build Skia... no
checking for clang... no
checking for clang++... no
configure: WARNING: Clang compiler not found.
checking whether to enable gpgmepp... no (MPL only)
checking whether to build Java Websocket for the UNO remote websocket client... no
checking whether to build the Wiki Publisher extension... no
checking whether to build the Report Builder... no
checking whether to build support for scripts in BeanShell... no
checking whether to build support for scripts in JavaScript... no
checking whether to enable evolution 2 support... no
checking which themes to include... colibre colibre_svg
checking for extensions integration... no, do not integrate
checking whether to build opens___.ttf... no
checking whether to include third-party fonts... no
checking whether to enable online update... no
checking whether to enable mar online update... no
checking for mar online update baseurl... no
checking for mar online update certificateder... no
checking for mar online update certificatename... no
checking for mar online update certificatepath... no
checking whether to enable extension update... yes
checking whether to create MSI with LIMITUI=1 (silent install)... no
no
checking whether and how to use Xinerama... no
checking whether to use non-standard RGBA32 cairo pixel order... yes
checking whether to use the system cairo... no
checking for meson.py... no
checking for meson... no
configure: WARNING: meson not found, using internal copy
checking for ninja... ninja
checking whether to use MSVC /analyze... no
checking whether to use system liblangtag... no
checking which libpng to use... internal
checking which libtiff to use... internal
checking which libwebp to use... internal
checking which languages to be built... en-US
checking for alternative branding images directory... none
checking for 'intro' progress settings... none
checking for extra build ID... not set
checking for vendor... Collabora
checking whether to install the compat oo* wrappers... no
checking for install dirname... libreoffice
checking for prefix... /usr/local
checking for Google Drive client id and secret... not set
checking for Alfresco Cloud client id and secret... not set
checking for OneDrive client id and secret... not set
checking whether to enable dependency tracking... yes
checking for number of processors to use... 12
checking whether ccache g++ supports a working C++20 consteval... no
checking whether ccache g++ supports a working C++20 std::strong_order... yes
checking whether to create huge library... yes
checking whether to use icerun wrapper... no
checking MPL subset... only
checking formula logger... no
checking for coredumpctl support... checking for coredumpctl... /usr/bin/coredumpctl
checking for jq... /usr/bin/jq
checking for systemd-escape... /usr/bin/systemd-escape
checking for systemd-run... /usr/bin/systemd-run
yes
checking whether to keep the system awake/prevent it from going into sleep/standby... no
configure: setting up the build environment variables...
configure: creating ./config.status
config.status: creating config_host_lang.mk
config.status: creating Makefile
config.status: creating bin/bffvalidator.sh
config.status: creating bin/odfvalidator.sh
config.status: creating bin/officeotron.sh
config.status: creating bin/verapdf.sh
config.status: creating instsetoo_native/util/openoffice.lst
config.status: creating sysui/desktop/macosx/Info.plist
config.status: creating sysui/desktop/macosx/LaunchConstraint.plist
config.status: creating hardened_runtime.xcent
config.status: creating lo.xcent
config.status: creating extensions/source/macosx/quicklookpreview/appex/Info.plist
config.status: creating extensions/source/macosx/quicklookthumbnail/appex/Info.plist
config.status: creating config_host.mk
config.status: creating vs-code.code-workspace.template
config.status: creating config_host/config_probes.h
config.status: creating config_host/config_afdko.h
config.status: creating config_host/config_atspi.h
config.status: creating config_host/config_buildconfig.h
config.status: creating config_host/config_buildid.h
config.status: creating config_host/config_box2d.h
config.status: creating config_host/config_clang.h
config.status: creating config_host/config_cpdb.h
config.status: creating config_host/config_crypto.h
config.status: creating config_host/config_cups.h
config.status: creating config_host/config_dconf.h
config.status: creating config_host/config_eot.h
config.status: creating config_host/config_extensions.h
config.status: creating config_host/config_cairo_canvas.h
config.status: creating config_host/config_cairo_rgba.h
config.status: creating config_host/config_collab.h
config.status: creating config_host/config_cxxabi.h
config.status: creating config_host/config_dbus.h
config.status: creating config_host/config_emscripten.h
config.status: creating config_host/config_features.h
config.status: creating config_host/config_feature_desktop.h
config.status: creating config_host/config_feature_opencl.h
config.status: creating config_host/config_firebird.h
config.status: creating config_host/config_folders.h
config.status: creating config_host/config_fonts.h
config.status: creating config_host/config_fuzzers.h
config.status: creating config_host/config_gio.h
config.status: creating config_host/config_global.h
config.status: creating config_host/config_gpgme.h
config.status: creating config_host/config_java.h
config.status: creating config_host/config_langs.h
config.status: creating config_host/config_lgpl.h
config.status: creating config_host/config_libcxx.h
config.status: creating config_host/config_liblangtag.h
config.status: creating config_host/config_locales.h
config.status: creating config_host/config_mpl.h
config.status: creating config_host/config_oox.h
config.status: creating config_host/config_options.h
config.status: creating config_host/config_options_calc.h
config.status: creating config_host/config_zxing.h
config.status: creating config_host/config_skia.h
config.status: creating config_host/config_typesizes.h
config.status: creating config_host/config_validation.h
config.status: creating config_host/config_vendor.h
config.status: creating config_host/config_vclplug.h
config.status: creating config_host/config_version.h
config.status: creating config_host/config_oauth2.h
config.status: creating config_host/config_poppler.h
config.status: creating config_host/config_python.h
config.status: creating config_host/config_writerperfect.h
config.status: creating config_host/config_wasm_strip.h
config.status: creating solenv/lockfile/autoconf.h
config.status: linking /home/jiajun/LibreOffice/study_LiteCore/native-lok-26-8/src/include to include
****************************************************************************

To show information on various make targets and make flags, run:
/usr/bin/make help

To just build, run:
/usr/bin/make

After the build has finished successfully, you can immediately run what you built using the command:
instdir/program/soffice

If you want to run the unit tests, run:
/usr/bin/make check

