warn:i18nlangtag:44190:44190:i18nlangtag/source/isolang/mslangid.cxx:105: MsLangId::getConfiguredSystemLanguage() - not configured yet
warn:i18nlangtag:44190:44190:i18nlangtag/source/isolang/mslangid.cxx:115: MsLangId::getConfiguredSystemUILanguage() - not configured yet
warn:desktop.app:44190:44192:unotools/source/ucbhelper/localfilehelper.cxx:86: error removing directory file:///home/jiajun/LibreOffice/study_LiteCore/wasm_sdk_probe/build/f049-native-round4/user-profile/user/extensions
warn:opencl:44213:44213:opencl/opencltest/main.cxx:159: OpenCL driver check failed: -54(line 159)
warn:lok:44190:44190:sfx2/source/view/lokhelper.cxx:1118: no explicit viewshell set
warn:lok:44190:44190:sfx2/source/view/lokhelper.cxx:1118: no explicit viewshell set
warn:lok:44190:44190:sfx2/source/view/lokhelper.cxx:1118: no explicit viewshell set
warn:lok:44190:44190:sfx2/source/view/lokhelper.cxx:1118: no explicit viewshell set
warn:lok:44190:44190:sfx2/source/view/lokhelper.cxx:1118: no explicit viewshell set
warn:lok:44190:44190:sfx2/source/view/lokhelper.cxx:1118: no explicit viewshell set
warn:lok:44190:44190:sfx2/source/view/lokhelper.cxx:1118: no explicit viewshell set
warn:lok:44190:44190:sfx2/source/view/lokhelper.cxx:1118: no explicit viewshell set
warn:lok:44190:44190:desktop/source/lib/init.cxx:285: lok exception 'Flavor text/plain;charset=utf-16 is not supported'
warn:lok:44190:44190:sfx2/source/view/lokhelper.cxx:1118: no explicit viewshell set
warn:lok:44190:44190:sfx2/source/view/lokhelper.cxx:1118: no explicit viewshell set
warn:lok:44190:44190:sfx2/source/view/lokhelper.cxx:1118: no explicit viewshell set
warn:lok:44190:44190:sfx2/source/view/lokhelper.cxx:1118: no explicit viewshell set
warn:lok:44190:44190:desktop/source/lib/init.cxx:285: lok exception 'Flavor text/plain;charset=utf-16 is not supported'
warn:lok:44190:44190:desktop/source/lib/init.cxx:285: lok exception 'Flavor text/plain;charset=utf-16 is not supported'
warn:lok:44190:44190:sfx2/source/view/lokhelper.cxx:1118: no explicit viewshell set
warn:lok:44190:44190:sfx2/source/view/lokhelper.cxx:1118: no explicit viewshell set
warn:lok:44190:44190:sfx2/source/view/lokhelper.cxx:1118: no explicit viewshell set
warn:lok:44190:44190:sfx2/source/view/lokhelper.cxx:1118: no explicit viewshell set
warn:lok:44190:44190:desktop/source/lib/init.cxx:285: lok exception 'Flavor text/plain;charset=utf-16 is not supported'
warn:lok:44190:44190:desktop/source/lib/init.cxx:285: lok exception 'Flavor text/plain;charset=utf-16 is not supported'
warn:lok:44190:44190:desktop/source/lib/init.cxx:285: lok exception 'Flavor text/plain;charset=utf-16 is not supported'
warn:lok:44190:44190:desktop/source/lib/init.cxx:285: lok exception 'Flavor text/plain;charset=utf-16 is not supported'
warn:lok:44190:44190:desktop/source/lib/init.cxx:285: lok exception 'Flavor text/plain;charset=utf-16 is not supported'
warn:lok:44190:44190:sfx2/source/view/lokhelper.cxx:1118: no explicit viewshell set
warn:lok:44190:44190:sfx2/source/view/lokhelper.cxx:1118: no explicit viewshell set
warn:lok:44190:44190:sfx2/source/view/lokhelper.cxx:1118: no explicit viewshell set
warn:lok:44190:44190:sfx2/source/view/lokhelper.cxx:1118: no explicit viewshell set
warn:lok:44190:44190:desktop/source/lib/init.cxx:285: lok exception 'Flavor text/plain;charset=utf-16 is not supported'
warn:lok:44190:44190:desktop/source/lib/init.cxx:285: lok exception 'Flavor text/plain;charset=utf-16 is not supported'
warn:lok:44190:44190:desktop/source/lib/init.cxx:285: lok exception 'Flavor text/plain;charset=utf-16 is not supported'
warn:lok:44190:44190:desktop/source/lib/init.cxx:285: lok exception 'Flavor text/plain;charset=utf-16 is not supported'
warn:lok:44190:44190:desktop/source/lib/init.cxx:285: lok exception 'Flavor text/plain;charset=utf-16 is not supported'
warn:lok:44190:44190:desktop/source/lib/init.cxx:285: lok exception 'Flavor text/plain;charset=utf-16 is not supported'
warn:lok:44190:44190:sfx2/source/view/lokhelper.cxx:1118: no explicit viewshell set
warn:lok:44190:44190:sfx2/source/view/lokhelper.cxx:1118: no explicit viewshell set
warn:lok:44190:44190:sfx2/source/view/lokhelper.cxx:1118: no explicit viewshell set
warn:lok:44190:44190:sfx2/source/view/lokhelper.cxx:1118: no explicit viewshell set
warn:lok:44190:44190:desktop/source/lib/init.cxx:285: lok exception 'Flavor text/plain;charset=utf-16 is not supported'
warn:lok:44190:44190:desktop/source/lib/init.cxx:285: lok exception 'Flavor text/plain;charset=utf-16 is not supported'
warn:lok:44190:44190:desktop/source/lib/init.cxx:285: lok exception 'Flavor text/plain;charset=utf-16 is not supported'
warn:lok:44190:44190:desktop/source/lib/init.cxx:285: lok exception 'Flavor text/plain;charset=utf-16 is not supported'
warn:lok:44190:44190:desktop/source/lib/init.cxx:285: lok exception 'Flavor text/plain;charset=utf-16 is not supported'
warn:lok:44190:44190:desktop/source/lib/init.cxx:285: lok exception 'Flavor text/plain;charset=utf-16 is not supported'
warn:lok:44190:44190:desktop/source/lib/init.cxx:285: lok exception 'Flavor text/plain;charset=utf-16 is not supported'
warn:lok:44190:44190:sfx2/source/view/lokhelper.cxx:1118: no explicit viewshell set
warn:lok:44190:44190:sfx2/source/view/lokhelper.cxx:1118: no explicit viewshell set
warn:lok:44190:44190:sfx2/source/view/lokhelper.cxx:1118: no explicit viewshell set
warn:lok:44190:44190:sfx2/source/view/lokhelper.cxx:1118: no explicit viewshell set
warn:lok:44190:44190:desktop/source/lib/init.cxx:285: lok exception 'Flavor text/plain;charset=utf-16 is not supported'
warn:lok:44190:44190:desktop/source/lib/init.cxx:285: lok exception 'Flavor text/plain;charset=utf-16 is not supported'
warn:lok:44190:44190:desktop/source/lib/init.cxx:285: lok exception 'Flavor text/plain;charset=utf-16 is not supported'
warn:lok:44190:44190:desktop/source/lib/init.cxx:285: lok exception 'Flavor text/plain;charset=utf-16 is not supported'
warn:lok:44190:44190:desktop/source/lib/init.cxx:285: lok exception 'Flavor text/plain;charset=utf-16 is not supported'
warn:lok:44190:44190:desktop/source/lib/init.cxx:285: lok exception 'Flavor text/plain;charset=utf-16 is not supported'
warn:lok:44190:44190:desktop/source/lib/init.cxx:285: lok exception 'Flavor text/plain;charset=utf-16 is not supported'
warn:lok:44190:44190:sfx2/source/view/lokhelper.cxx:1118: no explicit viewshell set
warn:lok:44190:44190:sfx2/source/view/lokhelper.cxx:1118: no explicit viewshell set
warn:lok:44190:44190:sfx2/source/view/lokhelper.cxx:1118: no explicit viewshell set
warn:lok:44190:44190:sfx2/source/view/lokhelper.cxx:1118: no explicit viewshell set
warn:lok:44190:44190:desktop/source/lib/init.cxx:285: lok exception 'Flavor text/plain;charset=utf-16 is not supported'
warn:lok:44190:44190:desktop/source/lib/init.cxx:285: lok exception 'Flavor text/plain;charset=utf-16 is not supported'
warn:lok:44190:44190:desktop/source/lib/init.cxx:285: lok exception 'Flavor text/plain;charset=utf-16 is not supported'
warn:lok:44190:44190:desktop/source/lib/init.cxx:285: lok exception 'Flavor text/plain;charset=utf-16 is not supported'
warn:lok:44190:44190:desktop/source/lib/init.cxx:285: lok exception 'Flavor text/plain;charset=utf-16 is not supported'
warn:lok:44190:44190:desktop/source/lib/init.cxx:285: lok exception 'Flavor text/plain;charset=utf-16 is not supported'
warn:lok:44190:44190:sfx2/source/view/lokhelper.cxx:1118: no explicit viewshell set
warn:lok:44190:44190:sfx2/source/view/lokhelper.cxx:1118: no explicit viewshell set
warn:lok:44190:44190:sfx2/source/view/lokhelper.cxx:1118: no explicit viewshell set
warn:lok:44190:44190:sfx2/source/view/lokhelper.cxx:1118: no explicit viewshell set
warn:lok:44190:44190:desktop/source/lib/init.cxx:285: lok exception 'Flavor text/plain;charset=utf-16 is not supported'
warn:lok:44190:44190:desktop/source/lib/init.cxx:285: lok exception 'Flavor text/plain;charset=utf-16 is not supported'
warn:lok:44190:44190:desktop/source/lib/init.cxx:285: lok exception 'Flavor text/plain;charset=utf-16 is not supported'
warn:lok:44190:44190:desktop/source/lib/init.cxx:285: lok exception 'Flavor text/plain;charset=utf-16 is not supported'
warn:lok:44190:44190:sfx2/source/view/lokhelper.cxx:1118: no explicit viewshell set
warn:lok:44190:44190:sfx2/source/view/lokhelper.cxx:1118: no explicit viewshell set
warn:lok:44190:44190:sfx2/source/view/lokhelper.cxx:1118: no explicit viewshell set
warn:lok:44190:44190:sfx2/source/view/lokhelper.cxx:1118: no explicit viewshell set
warn:lok:44190:44190:desktop/source/lib/init.cxx:285: lok exception 'Flavor text/plain;charset=utf-16 is not supported'
warn:lok:44190:44190:sfx2/source/view/lokhelper.cxx:1118: no explicit viewshell set
warn:lok:44190:44190:sfx2/source/view/lokhelper.cxx:1118: no explicit viewshell set
warn:lok:44190:44190:sfx2/source/view/lokhelper.cxx:1118: no explicit viewshell set
warn:lok:44190:44190:sfx2/source/view/lokhelper.cxx:1118: no explicit viewshell set
warn:lok:44190:44190:desktop/source/lib/init.cxx:285: lok exception 'Flavor text/plain;charset=utf-16 is not supported'
warn:lok:44190:44190:sfx2/source/view/lokhelper.cxx:1118: no explicit viewshell set
warn:lok:44190:44190:sfx2/source/view/lokhelper.cxx:1118: no explicit viewshell set
warn:lok:44190:44190:sfx2/source/view/lokhelper.cxx:1118: no explicit viewshell set
warn:lok:44190:44190:sfx2/source/view/lokhelper.cxx:1118: no explicit viewshell set
warn:lok:44190:44190:desktop/source/lib/init.cxx:285: lok exception 'Flavor text/plain;charset=utf-16 is not supported'
warn:lok:44190:44190:desktop/source/lib/init.cxx:285: lok exception 'Flavor text/plain;charset=utf-16 is not supported'
warn:lok:44190:44190:desktop/source/lib/init.cxx:285: lok exception 'Flavor text/plain;charset=utf-16 is not supported'
warn:lok:44190:44190:desktop/source/lib/init.cxx:285: lok exception 'Flavor text/plain;charset=utf-16 is not supported'
warn:lok:44190:44190:sfx2/source/view/lokhelper.cxx:1118: no explicit viewshell set
warn:lok:44190:44190:sfx2/source/view/lokhelper.cxx:1118: no explicit viewshell set
warn:lok:44190:44190:sfx2/source/view/lokhelper.cxx:1118: no explicit viewshell set
warn:lok:44190:44190:sfx2/source/view/lokhelper.cxx:1118: no explicit viewshell set
warn:lok:44190:44190:desktop/source/lib/init.cxx:285: lok exception 'Flavor text/plain;charset=utf-16 is not supported'
warn:lok:44190:44190:desktop/source/lib/init.cxx:285: lok exception 'Flavor text/plain;charset=utf-16 is not supported'
warn:lok:44190:44190:sfx2/source/view/lokhelper.cxx:1118: no explicit viewshell set
warn:lok:44190:44190:sfx2/source/view/lokhelper.cxx:1118: no explicit viewshell set
warn:lok:44190:44190:sfx2/source/view/lokhelper.cxx:1118: no explicit viewshell set
warn:lok:44190:44190:sfx2/source/view/lokhelper.cxx:1118: no explicit viewshell set
warn:lok:44190:44190:desktop/source/lib/init.cxx:285: lok exception 'Flavor text/plain;charset=utf-16 is not supported'
warn:lok:44190:44190:desktop/source/lib/init.cxx:285: lok exception 'Flavor text/plain;charset=utf-16 is not supported'
warn:lok:44190:44190:sfx2/source/view/lokhelper.cxx:1118: no explicit viewshell set
warn:lok:44190:44190:sfx2/source/view/lokhelper.cxx:1118: no explicit viewshell set
warn:lok:44190:44190:sfx2/source/view/lokhelper.cxx:1118: no explicit viewshell set
warn:lok:44190:44190:sfx2/source/view/lokhelper.cxx:1118: no explicit viewshell set
warn:lok:44190:44190:desktop/source/lib/init.cxx:285: lok exception 'Flavor text/plain;charset=utf-16 is not supported'
warn:lok:44190:44190:desktop/source/lib/init.cxx:285: lok exception 'Flavor text/plain;charset=utf-16 is not supported'
warn:lok:44190:44190:sfx2/source/view/lokhelper.cxx:1118: no explicit viewshell set
warn:lok:44190:44190:sfx2/source/view/lokhelper.cxx:1118: no explicit viewshell set
warn:lok:44190:44190:sfx2/source/view/lokhelper.cxx:1118: no explicit viewshell set
warn:lok:44190:44190:sfx2/source/view/lokhelper.cxx:1118: no explicit viewshell set
warn:lok:44190:44190:desktop/source/lib/init.cxx:285: lok exception 'Flavor text/plain;charset=utf-16 is not supported'
warn:lok:44190:44190:desktop/source/lib/init.cxx:285: lok exception 'Flavor text/plain;charset=utf-16 is not supported'
warn:lok:44190:44190:sfx2/source/view/lokhelper.cxx:1118: no explicit viewshell set
warn:lok:44190:44190:sfx2/source/view/lokhelper.cxx:1118: no explicit viewshell set
warn:lok:44190:44190:sfx2/source/view/lokhelper.cxx:1118: no explicit viewshell set
warn:lok:44190:44190:sfx2/source/view/lokhelper.cxx:1118: no explicit viewshell set
warn:lok:44190:44190:desktop/source/lib/init.cxx:285: lok exception 'Flavor text/plain;charset=utf-16 is not supported'
warn:lok:44190:44190:desktop/source/lib/init.cxx:285: lok exception 'Flavor text/plain;charset=utf-16 is not supported'
warn:lok:44190:44190:sfx2/source/view/lokhelper.cxx:1118: no explicit viewshell set
warn:lok:44190:44190:sfx2/source/view/lokhelper.cxx:1118: no explicit viewshell set
warn:lok:44190:44190:sfx2/source/view/lokhelper.cxx:1118: no explicit viewshell set
warn:lok:44190:44190:sfx2/source/view/lokhelper.cxx:1118: no explicit viewshell set
warn:lok:44190:44190:desktop/source/lib/init.cxx:285: lok exception 'Flavor text/plain;charset=utf-16 is not supported'
warn:lok:44190:44190:desktop/source/lib/init.cxx:285: lok exception 'Flavor text/plain;charset=utf-16 is not supported'
warn:lok:44190:44190:sfx2/source/view/lokhelper.cxx:1118: no explicit viewshell set
warn:lok:44190:44190:sfx2/source/view/lokhelper.cxx:1118: no explicit viewshell set
warn:lok:44190:44190:sfx2/source/view/lokhelper.cxx:1118: no explicit viewshell set
warn:lok:44190:44190:sfx2/source/view/lokhelper.cxx:1118: no explicit viewshell set
warn:lok:44190:44190:desktop/source/lib/init.cxx:285: lok exception 'Flavor text/plain;charset=utf-16 is not supported'
warn:lok:44190:44190:desktop/source/lib/init.cxx:285: lok exception 'Flavor text/plain;charset=utf-16 is not supported'
warn:lok:44190:44190:sfx2/source/view/lokhelper.cxx:1118: no explicit viewshell set
warn:lok:44190:44190:sfx2/source/view/lokhelper.cxx:1118: no explicit viewshell set
warn:lok:44190:44190:sfx2/source/view/lokhelper.cxx:1118: no explicit viewshell set
warn:lok:44190:44190:sfx2/source/view/lokhelper.cxx:1118: no explicit viewshell set
warn:lok:44190:44190:desktop/source/lib/init.cxx:285: lok exception 'Flavor text/plain;charset=utf-16 is not supported'
warn:lok:44190:44190:desktop/source/lib/init.cxx:285: lok exception 'Flavor text/plain;charset=utf-16 is not supported'
warn:lok:44190:44190:sfx2/source/view/lokhelper.cxx:1118: no explicit viewshell set
warn:lok:44190:44190:sfx2/source/view/lokhelper.cxx:1118: no explicit viewshell set
warn:lok:44190:44190:sfx2/source/view/lokhelper.cxx:1118: no explicit viewshell set
warn:lok:44190:44190:sfx2/source/view/lokhelper.cxx:1118: no explicit viewshell set
warn:lok:44190:44190:desktop/source/lib/init.cxx:285: lok exception 'Flavor text/plain;charset=utf-16 is not supported'
warn:lok:44190:44190:desktop/source/lib/init.cxx:285: lok exception 'Flavor text/plain;charset=utf-16 is not supported'
warn:lok:44190:44190:sfx2/source/view/lokhelper.cxx:1118: no explicit viewshell set
warn:lok:44190:44190:sfx2/source/view/lokhelper.cxx:1118: no explicit viewshell set
warn:lok:44190:44190:sfx2/source/view/lokhelper.cxx:1118: no explicit viewshell set
warn:lok:44190:44190:sfx2/source/view/lokhelper.cxx:1118: no explicit viewshell set
warn:lok:44190:44190:desktop/source/lib/init.cxx:285: lok exception 'Flavor text/plain;charset=utf-16 is not supported'
warn:lok:44190:44190:desktop/source/lib/init.cxx:285: lok exception 'Flavor text/plain;charset=utf-16 is not supported'
warn:lok:44190:44190:sfx2/source/view/lokhelper.cxx:1118: no explicit viewshell set
warn:lok:44190:44190:sfx2/source/view/lokhelper.cxx:1118: no explicit viewshell set
warn:lok:44190:44190:sfx2/source/view/lokhelper.cxx:1118: no explicit viewshell set
warn:lok:44190:44190:sfx2/source/view/lokhelper.cxx:1118: no explicit viewshell set
warn:lok:44190:44190:desktop/source/lib/init.cxx:285: lok exception 'Flavor text/plain;charset=utf-16 is not supported'
warn:lok:44190:44190:desktop/source/lib/init.cxx:285: lok exception 'Flavor text/plain;charset=utf-16 is not supported'
warn:lok:44190:44190:sfx2/source/view/lokhelper.cxx:1118: no explicit viewshell set
warn:lok:44190:44190:sfx2/source/view/lokhelper.cxx:1118: no explicit viewshell set
warn:lok:44190:44190:sfx2/source/view/lokhelper.cxx:1118: no explicit viewshell set
warn:lok:44190:44190:sfx2/source/view/lokhelper.cxx:1118: no explicit viewshell set
warn:lok:44190:44190:desktop/source/lib/init.cxx:285: lok exception 'Flavor text/plain;charset=utf-16 is not supported'
warn:lok:44190:44190:desktop/source/lib/init.cxx:285: lok exception 'Flavor text/plain;charset=utf-16 is not supported'
warn:lok:44190:44190:sfx2/source/view/lokhelper.cxx:1118: no explicit viewshell set
warn:lok:44190:44190:sfx2/source/view/lokhelper.cxx:1118: no explicit viewshell set
warn:lok:44190:44190:sfx2/source/view/lokhelper.cxx:1118: no explicit viewshell set
warn:lok:44190:44190:sfx2/source/view/lokhelper.cxx:1118: no explicit viewshell set
warn:lok:44190:44190:desktop/source/lib/init.cxx:285: lok exception 'Flavor text/plain;charset=utf-16 is not supported'
warn:lok:44190:44190:desktop/source/lib/init.cxx:285: lok exception 'Flavor text/plain;charset=utf-16 is not supported'
warn:lok:44190:44190:sfx2/source/view/lokhelper.cxx:1118: no explicit viewshell set
warn:lok:44190:44190:sfx2/source/view/lokhelper.cxx:1118: no explicit viewshell set
warn:lok:44190:44190:sfx2/source/view/lokhelper.cxx:1118: no explicit viewshell set
warn:lok:44190:44190:sfx2/source/view/lokhelper.cxx:1118: no explicit viewshell set
warn:lok:44190:44190:desktop/source/lib/init.cxx:285: lok exception 'Flavor text/plain;charset=utf-16 is not supported'
warn:lok:44190:44190:desktop/source/lib/init.cxx:285: lok exception 'Flavor text/plain;charset=utf-16 is not supported'
warn:lok:44190:44190:sfx2/source/view/lokhelper.cxx:1118: no explicit viewshell set
warn:lok:44190:44190:sfx2/source/view/lokhelper.cxx:1118: no explicit viewshell set
warn:lok:44190:44190:sfx2/source/view/lokhelper.cxx:1118: no explicit viewshell set
warn:lok:44190:44190:sfx2/source/view/lokhelper.cxx:1118: no explicit viewshell set
warn:lok:44190:44190:desktop/source/lib/init.cxx:285: lok exception 'Flavor text/plain;charset=utf-16 is not supported'
warn:lok:44190:44190:desktop/source/lib/init.cxx:285: lok exception 'Flavor text/plain;charset=utf-16 is not supported'
warn:lok:44190:44190:sfx2/source/view/lokhelper.cxx:1118: no explicit viewshell set
warn:lok:44190:44190:sfx2/source/view/lokhelper.cxx:1118: no explicit viewshell set
warn:lok:44190:44190:sfx2/source/view/lokhelper.cxx:1118: no explicit viewshell set
warn:lok:44190:44190:sfx2/source/view/lokhelper.cxx:1118: no explicit viewshell set
warn:lok:44190:44190:desktop/source/lib/init.cxx:285: lok exception 'Flavor text/plain;charset=utf-16 is not supported'
warn:lok:44190:44190:desktop/source/lib/init.cxx:285: lok exception 'Flavor text/plain;charset=utf-16 is not supported'
warn:lok:44190:44190:sfx2/source/view/lokhelper.cxx:1118: no explicit viewshell set
warn:lok:44190:44190:sfx2/source/view/lokhelper.cxx:1118: no explicit viewshell set
warn:lok:44190:44190:sfx2/source/view/lokhelper.cxx:1118: no explicit viewshell set
warn:lok:44190:44190:sfx2/source/view/lokhelper.cxx:1118: no explicit viewshell set
warn:lok:44190:44190:desktop/source/lib/init.cxx:285: lok exception 'Flavor text/plain;charset=utf-16 is not supported'
warn:legacy.tools:44190:44190:vcl/source/treelist/svtabbx.cxx:361: GetTabVisible:Invalid Tab
warn:legacy.tools:44190:44190:vcl/source/treelist/svtabbx.cxx:361: GetTabVisible:Invalid Tab
warn:lok:44190:44190:desktop/source/lib/init.cxx:285: lok exception 'Flavor text/plain;charset=utf-16 is not supported'
warn:lok:44190:44190:sfx2/source/view/lokhelper.cxx:1118: no explicit viewshell set
warn:lok:44190:44190:sfx2/source/view/lokhelper.cxx:1118: no explicit viewshell set
warn:lok:44190:44190:sfx2/source/view/lokhelper.cxx:1118: no explicit viewshell set
warn:lok:44190:44190:sfx2/source/view/lokhelper.cxx:1118: no explicit viewshell set
warn:lok:44190:44190:desktop/source/lib/init.cxx:285: lok exception 'Flavor text/plain;charset=utf-16 is not supported'
warn:lok:44190:44190:desktop/source/lib/init.cxx:285: lok exception 'Flavor text/plain;charset=utf-16 is not supported'
warn:lok:44190:44190:sfx2/source/view/lokhelper.cxx:1118: no explicit viewshell set
warn:lok:44190:44190:sfx2/source/view/lokhelper.cxx:1118: no explicit viewshell set
warn:lok:44190:44190:sfx2/source/view/lokhelper.cxx:1118: no explicit viewshell set
warn:lok:44190:44190:sfx2/source/view/lokhelper.cxx:1118: no explicit viewshell set
warn:lok:44190:44190:desktop/source/lib/init.cxx:285: lok exception 'Flavor text/plain;charset=utf-16 is not supported'
warn:lok:44190:44190:desktop/source/lib/init.cxx:285: lok exception 'Flavor text/plain;charset=utf-16 is not supported'
warn:lok:44190:44190:desktop/source/lib/init.cxx:285: lok exception 'Flavor text/plain;charset=utf-16 is not supported'
warn:lok:44190:44190:desktop/source/lib/init.cxx:285: lok exception 'Flavor text/plain;charset=utf-16 is not supported'
warn:lok:44190:44190:sfx2/source/view/lokhelper.cxx:1118: no explicit viewshell set
warn:lok:44190:44190:sfx2/source/view/lokhelper.cxx:1118: no explicit viewshell set
warn:lok:44190:44190:sfx2/source/view/lokhelper.cxx:1118: no explicit viewshell set
warn:lok:44190:44190:sfx2/source/view/lokhelper.cxx:1118: no explicit viewshell set
warn:lok:44190:44190:desktop/source/lib/init.cxx:285: lok exception 'Flavor text/plain;charset=utf-16 is not supported'
warn:lok:44190:44190:desktop/source/lib/init.cxx:285: lok exception 'Flavor text/plain;charset=utf-16 is not supported'
warn:lok:44190:44190:desktop/source/lib/init.cxx:285: lok exception 'Flavor text/plain;charset=utf-16 is not supported'
warn:lok:44190:44190:desktop/source/lib/init.cxx:285: lok exception 'Flavor text/plain;charset=utf-16 is not supported'
warn:lok:44190:44190:desktop/source/lib/init.cxx:285: lok exception 'Flavor text/plain;charset=utf-16 is not supported'
warn:lok:44190:44190:desktop/source/lib/init.cxx:285: lok exception 'Flavor text/plain;charset=utf-16 is not supported'
warn:lok:44190:44190:desktop/source/lib/init.cxx:285: lok exception 'Flavor text/plain;charset=utf-16 is not supported'
warn:lok:44190:44190:sfx2/source/view/lokhelper.cxx:1118: no explicit viewshell set
warn:lok:44190:44190:sfx2/source/view/lokhelper.cxx:1118: no explicit viewshell set
warn:lok:44190:44190:sfx2/source/view/lokhelper.cxx:1118: no explicit viewshell set
warn:lok:44190:44190:sfx2/source/view/lokhelper.cxx:1118: no explicit viewshell set
warn:lok:44190:44190:desktop/source/lib/init.cxx:285: lok exception 'Flavor text/plain;charset=utf-16 is not supported'
warn:lok:44190:44190:desktop/source/lib/init.cxx:285: lok exception 'Flavor text/plain;charset=utf-16 is not supported'
warn:lok:44190:44190:desktop/source/lib/init.cxx:285: lok exception 'Flavor text/plain;charset=utf-16 is not supported'
warn:lok:44190:44190:desktop/source/lib/init.cxx:285: lok exception 'Flavor text/plain;charset=utf-16 is not supported'
warn:lok:44190:44190:sfx2/source/view/lokhelper.cxx:1118: no explicit viewshell set
warn:lok:44190:44190:sfx2/source/view/lokhelper.cxx:1118: no explicit viewshell set
warn:lok:44190:44190:sfx2/source/view/lokhelper.cxx:1118: no explicit viewshell set
warn:lok:44190:44190:sfx2/source/view/lokhelper.cxx:1118: no explicit viewshell set
warn:lok:44190:44190:desktop/source/lib/init.cxx:285: lok exception 'Flavor text/plain;charset=utf-16 is not supported'
warn:lok:44190:44190:sfx2/source/view/lokhelper.cxx:1118: no explicit viewshell set
warn:lok:44190:44190:sfx2/source/view/lokhelper.cxx:1118: no explicit viewshell set
warn:lok:44190:44190:sfx2/source/view/lokhelper.cxx:1118: no explicit viewshell set
warn:lok:44190:44190:sfx2/source/view/lokhelper.cxx:1118: no explicit viewshell set
warn:lok:44190:44190:desktop/source/lib/init.cxx:285: lok exception 'Flavor text/plain;charset=utf-16 is not supported'
warn:lok:44190:44190:sfx2/source/view/lokhelper.cxx:1118: no explicit viewshell set
warn:lok:44190:44190:sfx2/source/view/lokhelper.cxx:1118: no explicit viewshell set
warn:lok:44190:44190:sfx2/source/view/lokhelper.cxx:1118: no explicit viewshell set
warn:lok:44190:44190:sfx2/source/view/lokhelper.cxx:1118: no explicit viewshell set
warn:lok:44190:44190:desktop/source/lib/init.cxx:285: lok exception 'Flavor text/plain;charset=utf-16 is not supported'
warn:lok:44190:44190:desktop/source/lib/init.cxx:285: lok exception 'Flavor text/plain;charset=utf-16 is not supported'
warn:lok:44190:44190:desktop/source/lib/init.cxx:285: lok exception 'Flavor text/plain;charset=utf-16 is not supported'
warn:lok:44190:44190:desktop/source/lib/init.cxx:285: lok exception 'Flavor text/plain;charset=utf-16 is not supported'
warn:lok:44190:44190:sfx2/source/view/lokhelper.cxx:1118: no explicit viewshell set
warn:lok:44190:44190:sfx2/source/view/lokhelper.cxx:1118: no explicit viewshell set
warn:lok:44190:44190:sfx2/source/view/lokhelper.cxx:1118: no explicit viewshell set
warn:lok:44190:44190:sfx2/source/view/lokhelper.cxx:1118: no explicit viewshell set
warn:lok:44190:44190:desktop/source/lib/init.cxx:285: lok exception 'Flavor text/plain;charset=utf-16 is not supported'
warn:lok:44190:44190:sfx2/source/view/lokhelper.cxx:1118: no explicit viewshell set
warn:lok:44190:44190:sfx2/source/view/lokhelper.cxx:1118: no explicit viewshell set
warn:lok:44190:44190:sfx2/source/view/lokhelper.cxx:1118: no explicit viewshell set
warn:lok:44190:44190:sfx2/source/view/lokhelper.cxx:1118: no explicit viewshell set
warn:lok:44190:44190:desktop/source/lib/init.cxx:285: lok exception 'Flavor text/plain;charset=utf-16 is not supported'
warn:lok:44190:44190:desktop/source/lib/init.cxx:285: lok exception 'Flavor text/plain;charset=utf-16 is not supported'
warn:unotools.config:44190:44190:unotools/source/config/configmgr.cxx:147: ConfigManager not empty
