warn:i18nlangtag:26086:26086:i18nlangtag/source/isolang/mslangid.cxx:105: MsLangId::getConfiguredSystemLanguage() - not configured yet
warn:i18nlangtag:26086:26086:i18nlangtag/source/isolang/mslangid.cxx:115: MsLangId::getConfiguredSystemUILanguage() - not configured yet
warn:desktop.app:26086:26088:unotools/source/ucbhelper/localfilehelper.cxx:86: error removing directory file:///home/jiajun/LibreOffice/study_LiteCore/wasm_sdk_probe/build/f049-native/user-profile/user/extensions
warn:opencl:26109:26109:opencl/opencltest/main.cxx:159: OpenCL driver check failed: -54(line 159)
warn:lok:26086:26086:sfx2/source/view/lokhelper.cxx:1118: no explicit viewshell set
warn:lok:26086:26086:sfx2/source/view/lokhelper.cxx:1118: no explicit viewshell set
warn:lok:26086:26086:sfx2/source/view/lokhelper.cxx:1118: no explicit viewshell set
warn:lok:26086:26086:sfx2/source/view/lokhelper.cxx:1118: no explicit viewshell set
warn:lok:26086:26086:sfx2/source/view/lokhelper.cxx:1118: no explicit viewshell set
warn:lok:26086:26086:sfx2/source/view/lokhelper.cxx:1118: no explicit viewshell set
warn:lok:26086:26086:sfx2/source/view/lokhelper.cxx:1118: no explicit viewshell set
warn:lok:26086:26086:sfx2/source/view/lokhelper.cxx:1118: no explicit viewshell set
warn:lok:26086:26086:desktop/source/lib/init.cxx:285: lok exception 'Flavor text/plain;charset=utf-16 is not supported'
warn:svx.dialog:26086:26088:svx/source/dialog/rlrcitem.cxx:75: SvxTabStopItem expected
warn:lok:26086:26086:sfx2/source/view/lokhelper.cxx:1118: no explicit viewshell set
warn:lok:26086:26086:sfx2/source/view/lokhelper.cxx:1118: no explicit viewshell set
warn:lok:26086:26086:sfx2/source/view/lokhelper.cxx:1118: no explicit viewshell set
warn:lok:26086:26086:sfx2/source/view/lokhelper.cxx:1118: no explicit viewshell set
warn:lok:26086:26086:desktop/source/lib/init.cxx:285: lok exception 'Flavor text/plain;charset=utf-16 is not supported'
warn:svl:26086:26086:svl/source/undo/undo.cxx:1174: SfxUndoManager::MarkTopUndoAction(): suspicious call!
warn:lok:26086:26086:desktop/source/lib/init.cxx:285: lok exception 'Flavor text/plain;charset=utf-16 is not supported'
warn:svx.dialog:26086:26088:svx/source/dialog/rlrcitem.cxx:75: SvxTabStopItem expected
warn:sw.core:26086:26086:sw/source/core/doc/docfmt.cxx:1666: Found unknown auto SwNumRule during reset!
warn:sw.core:26086:26086:sw/source/core/doc/docfmt.cxx:1666: Found unknown auto SwNumRule during reset!
warn:sw.core:26086:26086:sw/source/core/doc/docfmt.cxx:1666: Found unknown auto SwNumRule during reset!
warn:lok:26086:26086:sfx2/source/view/lokhelper.cxx:1118: no explicit viewshell set
warn:lok:26086:26086:sfx2/source/view/lokhelper.cxx:1118: no explicit viewshell set
warn:lok:26086:26086:sfx2/source/view/lokhelper.cxx:1118: no explicit viewshell set
warn:lok:26086:26086:sfx2/source/view/lokhelper.cxx:1118: no explicit viewshell set
warn:lok:26086:26086:desktop/source/lib/init.cxx:285: lok exception 'Flavor text/plain;charset=utf-16 is not supported'
warn:svx.dialog:26086:26088:svx/source/dialog/rlrcitem.cxx:75: SvxTabStopItem expected
warn:lok:26086:26086:desktop/source/lib/init.cxx:285: lok exception 'Flavor text/plain;charset=utf-16 is not supported'
warn:lok:26086:26086:desktop/source/lib/init.cxx:285: lok exception 'Flavor text/plain;charset=utf-16 is not supported'
warn:lok:26086:26086:desktop/source/lib/init.cxx:285: lok exception 'Flavor text/plain;charset=utf-16 is not supported'
warn:lok:26086:26086:desktop/source/lib/init.cxx:285: lok exception 'Flavor text/plain;charset=utf-16 is not supported'
warn:lok:26086:26086:sfx2/source/view/lokhelper.cxx:1118: no explicit viewshell set
warn:lok:26086:26086:sfx2/source/view/lokhelper.cxx:1118: no explicit viewshell set
warn:lok:26086:26086:sfx2/source/view/lokhelper.cxx:1118: no explicit viewshell set
warn:lok:26086:26086:sfx2/source/view/lokhelper.cxx:1118: no explicit viewshell set
warn:lok:26086:26086:desktop/source/lib/init.cxx:285: lok exception 'Flavor text/plain;charset=utf-16 is not supported'
warn:svl:26086:26086:svl/source/undo/undo.cxx:1174: SfxUndoManager::MarkTopUndoAction(): suspicious call!
warn:lok:26086:26086:desktop/source/lib/init.cxx:285: lok exception 'Flavor text/plain;charset=utf-16 is not supported'
warn:svx.dialog:26086:26088:svx/source/dialog/rlrcitem.cxx:75: SvxTabStopItem expected
warn:lok:26086:26086:desktop/source/lib/init.cxx:285: lok exception 'Flavor text/plain;charset=utf-16 is not supported'
warn:sw.core:26086:26086:sw/source/core/doc/docfmt.cxx:1666: Found unknown auto SwNumRule during reset!
warn:sw.core:26086:26086:sw/source/core/doc/docfmt.cxx:1666: Found unknown auto SwNumRule during reset!
warn:lok:26086:26086:desktop/source/lib/init.cxx:285: lok exception 'Flavor text/plain;charset=utf-16 is not supported'
warn:lok:26086:26086:desktop/source/lib/init.cxx:285: lok exception 'Flavor text/plain;charset=utf-16 is not supported'
warn:lok:26086:26086:desktop/source/lib/init.cxx:285: lok exception 'Flavor text/plain;charset=utf-16 is not supported'
warn:sw.core:26086:26086:sw/source/core/doc/docfmt.cxx:1666: Found unknown auto SwNumRule during reset!
warn:lok:26086:26086:sfx2/source/view/lokhelper.cxx:1118: no explicit viewshell set
warn:lok:26086:26086:sfx2/source/view/lokhelper.cxx:1118: no explicit viewshell set
warn:lok:26086:26086:sfx2/source/view/lokhelper.cxx:1118: no explicit viewshell set
warn:lok:26086:26086:sfx2/source/view/lokhelper.cxx:1118: no explicit viewshell set
warn:lok:26086:26086:desktop/source/lib/init.cxx:285: lok exception 'Flavor text/plain;charset=utf-16 is not supported'
warn:svl:26086:26086:svl/source/undo/undo.cxx:1174: SfxUndoManager::MarkTopUndoAction(): suspicious call!
warn:lok:26086:26086:desktop/source/lib/init.cxx:285: lok exception 'Flavor text/plain;charset=utf-16 is not supported'
warn:svx.dialog:26086:26088:svx/source/dialog/rlrcitem.cxx:75: SvxTabStopItem expected
warn:lok:26086:26086:desktop/source/lib/init.cxx:285: lok exception 'Flavor text/plain;charset=utf-16 is not supported'
warn:sw.core:26086:26086:sw/source/core/doc/docfmt.cxx:1666: Found unknown auto SwNumRule during reset!
warn:sw.core:26086:26086:sw/source/core/doc/docfmt.cxx:1666: Found unknown auto SwNumRule during reset!
warn:lok:26086:26086:desktop/source/lib/init.cxx:285: lok exception 'Flavor text/plain;charset=utf-16 is not supported'
warn:lok:26086:26086:desktop/source/lib/init.cxx:285: lok exception 'Flavor text/plain;charset=utf-16 is not supported'
warn:lok:26086:26086:desktop/source/lib/init.cxx:285: lok exception 'Flavor text/plain;charset=utf-16 is not supported'
warn:lok:26086:26086:desktop/source/lib/init.cxx:285: lok exception 'Flavor text/plain;charset=utf-16 is not supported'
warn:sw.core:26086:26086:sw/source/core/doc/docfmt.cxx:1666: Found unknown auto SwNumRule during reset!
warn:lok:26086:26086:sfx2/source/view/lokhelper.cxx:1118: no explicit viewshell set
warn:lok:26086:26086:sfx2/source/view/lokhelper.cxx:1118: no explicit viewshell set
warn:lok:26086:26086:sfx2/source/view/lokhelper.cxx:1118: no explicit viewshell set
warn:lok:26086:26086:sfx2/source/view/lokhelper.cxx:1118: no explicit viewshell set
warn:lok:26086:26086:desktop/source/lib/init.cxx:285: lok exception 'Flavor text/plain;charset=utf-16 is not supported'
warn:svl:26086:26086:svl/source/undo/undo.cxx:1174: SfxUndoManager::MarkTopUndoAction(): suspicious call!
warn:lok:26086:26086:desktop/source/lib/init.cxx:285: lok exception 'Flavor text/plain;charset=utf-16 is not supported'
warn:svx.dialog:26086:26088:svx/source/dialog/rlrcitem.cxx:75: SvxTabStopItem expected
warn:lok:26086:26086:desktop/source/lib/init.cxx:285: lok exception 'Flavor text/plain;charset=utf-16 is not supported'
warn:sw.core:26086:26086:sw/source/core/doc/docfmt.cxx:1666: Found unknown auto SwNumRule during reset!
warn:sw.core:26086:26086:sw/source/core/doc/docfmt.cxx:1666: Found unknown auto SwNumRule during reset!
warn:lok:26086:26086:desktop/source/lib/init.cxx:285: lok exception 'Flavor text/plain;charset=utf-16 is not supported'
warn:lok:26086:26086:desktop/source/lib/init.cxx:285: lok exception 'Flavor text/plain;charset=utf-16 is not supported'
warn:sw.core:26086:26086:sw/source/core/doc/docfmt.cxx:1666: Found unknown auto SwNumRule during reset!
warn:sw.core:26086:26086:sw/source/core/doc/docfmt.cxx:1666: Found unknown auto SwNumRule during reset!
warn:sw.core:26086:26086:sw/source/core/doc/docfmt.cxx:1666: Found unknown auto SwNumRule during reset!
warn:unotools.config:26086:26086:unotools/source/config/configmgr.cxx:147: ConfigManager not empty
