warn:i18nlangtag:29737:29737:i18nlangtag/source/isolang/mslangid.cxx:105: MsLangId::getConfiguredSystemLanguage() - not configured yet
warn:i18nlangtag:29737:29737:i18nlangtag/source/isolang/mslangid.cxx:115: MsLangId::getConfiguredSystemUILanguage() - not configured yet
warn:desktop.app:29737:29739:unotools/source/ucbhelper/localfilehelper.cxx:86: error removing directory file:///home/jiajun/LibreOffice/study_LiteCore/wasm_sdk_probe/build/f049-native-round2/user-profile/user/extensions
warn:opencl:29765:29765:opencl/opencltest/main.cxx:159: OpenCL driver check failed: -54(line 159)
warn:lok:29737:29737:sfx2/source/view/lokhelper.cxx:1118: no explicit viewshell set
warn:lok:29737:29737:sfx2/source/view/lokhelper.cxx:1118: no explicit viewshell set
warn:lok:29737:29737:sfx2/source/view/lokhelper.cxx:1118: no explicit viewshell set
warn:lok:29737:29737:sfx2/source/view/lokhelper.cxx:1118: no explicit viewshell set
warn:lok:29737:29737:sfx2/source/view/lokhelper.cxx:1118: no explicit viewshell set
warn:lok:29737:29737:sfx2/source/view/lokhelper.cxx:1118: no explicit viewshell set
warn:lok:29737:29737:sfx2/source/view/lokhelper.cxx:1118: no explicit viewshell set
warn:lok:29737:29737:sfx2/source/view/lokhelper.cxx:1118: no explicit viewshell set
warn:lok:29737:29737:desktop/source/lib/init.cxx:285: lok exception 'Flavor text/plain;charset=utf-16 is not supported'
warn:svx.dialog:29737:29739:svx/source/dialog/rlrcitem.cxx:75: SvxTabStopItem expected
warn:lok:29737:29737:sfx2/source/view/lokhelper.cxx:1118: no explicit viewshell set
warn:lok:29737:29737:sfx2/source/view/lokhelper.cxx:1118: no explicit viewshell set
warn:lok:29737:29737:sfx2/source/view/lokhelper.cxx:1118: no explicit viewshell set
warn:lok:29737:29737:sfx2/source/view/lokhelper.cxx:1118: no explicit viewshell set
warn:lok:29737:29737:desktop/source/lib/init.cxx:285: lok exception 'Flavor text/plain;charset=utf-16 is not supported'
warn:svl:29737:29737:svl/source/undo/undo.cxx:1174: SfxUndoManager::MarkTopUndoAction(): suspicious call!
warn:lok:29737:29737:desktop/source/lib/init.cxx:285: lok exception 'Flavor text/plain;charset=utf-16 is not supported'
warn:svx.dialog:29737:29739:svx/source/dialog/rlrcitem.cxx:75: SvxTabStopItem expected
warn:sw.core:29737:29737:sw/source/core/doc/docfmt.cxx:1666: Found unknown auto SwNumRule during reset!
warn:sw.core:29737:29737:sw/source/core/doc/docfmt.cxx:1666: Found unknown auto SwNumRule during reset!
warn:sw.core:29737:29737:sw/source/core/doc/docfmt.cxx:1666: Found unknown auto SwNumRule during reset!
warn:lok:29737:29737:sfx2/source/view/lokhelper.cxx:1118: no explicit viewshell set
warn:lok:29737:29737:sfx2/source/view/lokhelper.cxx:1118: no explicit viewshell set
warn:lok:29737:29737:sfx2/source/view/lokhelper.cxx:1118: no explicit viewshell set
warn:lok:29737:29737:sfx2/source/view/lokhelper.cxx:1118: no explicit viewshell set
warn:lok:29737:29737:desktop/source/lib/init.cxx:285: lok exception 'Flavor text/plain;charset=utf-16 is not supported'
warn:svx.dialog:29737:29739:svx/source/dialog/rlrcitem.cxx:75: SvxTabStopItem expected
warn:lok:29737:29737:desktop/source/lib/init.cxx:285: lok exception 'Flavor text/plain;charset=utf-16 is not supported'
warn:lok:29737:29737:desktop/source/lib/init.cxx:285: lok exception 'Flavor text/plain;charset=utf-16 is not supported'
warn:lok:29737:29737:desktop/source/lib/init.cxx:285: lok exception 'Flavor text/plain;charset=utf-16 is not supported'
warn:lok:29737:29737:desktop/source/lib/init.cxx:285: lok exception 'Flavor text/plain;charset=utf-16 is not supported'
warn:lok:29737:29737:sfx2/source/view/lokhelper.cxx:1118: no explicit viewshell set
warn:lok:29737:29737:sfx2/source/view/lokhelper.cxx:1118: no explicit viewshell set
warn:lok:29737:29737:sfx2/source/view/lokhelper.cxx:1118: no explicit viewshell set
warn:lok:29737:29737:sfx2/source/view/lokhelper.cxx:1118: no explicit viewshell set
warn:lok:29737:29737:desktop/source/lib/init.cxx:285: lok exception 'Flavor text/plain;charset=utf-16 is not supported'
warn:svl:29737:29737:svl/source/undo/undo.cxx:1174: SfxUndoManager::MarkTopUndoAction(): suspicious call!
warn:lok:29737:29737:desktop/source/lib/init.cxx:285: lok exception 'Flavor text/plain;charset=utf-16 is not supported'
warn:svx.dialog:29737:29739:svx/source/dialog/rlrcitem.cxx:75: SvxTabStopItem expected
warn:lok:29737:29737:desktop/source/lib/init.cxx:285: lok exception 'Flavor text/plain;charset=utf-16 is not supported'
warn:sw.core:29737:29737:sw/source/core/doc/docfmt.cxx:1666: Found unknown auto SwNumRule during reset!
warn:sw.core:29737:29737:sw/source/core/doc/docfmt.cxx:1666: Found unknown auto SwNumRule during reset!
warn:lok:29737:29737:desktop/source/lib/init.cxx:285: lok exception 'Flavor text/plain;charset=utf-16 is not supported'
warn:lok:29737:29737:desktop/source/lib/init.cxx:285: lok exception 'Flavor text/plain;charset=utf-16 is not supported'
warn:lok:29737:29737:desktop/source/lib/init.cxx:285: lok exception 'Flavor text/plain;charset=utf-16 is not supported'
warn:sw.core:29737:29737:sw/source/core/doc/docfmt.cxx:1666: Found unknown auto SwNumRule during reset!
warn:lok:29737:29737:sfx2/source/view/lokhelper.cxx:1118: no explicit viewshell set
warn:lok:29737:29737:sfx2/source/view/lokhelper.cxx:1118: no explicit viewshell set
warn:lok:29737:29737:sfx2/source/view/lokhelper.cxx:1118: no explicit viewshell set
warn:lok:29737:29737:sfx2/source/view/lokhelper.cxx:1118: no explicit viewshell set
warn:lok:29737:29737:desktop/source/lib/init.cxx:285: lok exception 'Flavor text/plain;charset=utf-16 is not supported'
warn:svl:29737:29737:svl/source/undo/undo.cxx:1174: SfxUndoManager::MarkTopUndoAction(): suspicious call!
warn:lok:29737:29737:desktop/source/lib/init.cxx:285: lok exception 'Flavor text/plain;charset=utf-16 is not supported'
warn:svx.dialog:29737:29739:svx/source/dialog/rlrcitem.cxx:75: SvxTabStopItem expected
warn:lok:29737:29737:desktop/source/lib/init.cxx:285: lok exception 'Flavor text/plain;charset=utf-16 is not supported'
warn:sw.core:29737:29737:sw/source/core/doc/docfmt.cxx:1666: Found unknown auto SwNumRule during reset!
warn:sw.core:29737:29737:sw/source/core/doc/docfmt.cxx:1666: Found unknown auto SwNumRule during reset!
warn:lok:29737:29737:desktop/source/lib/init.cxx:285: lok exception 'Flavor text/plain;charset=utf-16 is not supported'
warn:lok:29737:29737:desktop/source/lib/init.cxx:285: lok exception 'Flavor text/plain;charset=utf-16 is not supported'
warn:lok:29737:29737:desktop/source/lib/init.cxx:285: lok exception 'Flavor text/plain;charset=utf-16 is not supported'
warn:lok:29737:29737:desktop/source/lib/init.cxx:285: lok exception 'Flavor text/plain;charset=utf-16 is not supported'
warn:sw.core:29737:29737:sw/source/core/doc/docfmt.cxx:1666: Found unknown auto SwNumRule during reset!
warn:lok:29737:29737:sfx2/source/view/lokhelper.cxx:1118: no explicit viewshell set
warn:lok:29737:29737:sfx2/source/view/lokhelper.cxx:1118: no explicit viewshell set
warn:lok:29737:29737:sfx2/source/view/lokhelper.cxx:1118: no explicit viewshell set
warn:lok:29737:29737:sfx2/source/view/lokhelper.cxx:1118: no explicit viewshell set
warn:lok:29737:29737:desktop/source/lib/init.cxx:285: lok exception 'Flavor text/plain;charset=utf-16 is not supported'
warn:svl:29737:29737:svl/source/undo/undo.cxx:1174: SfxUndoManager::MarkTopUndoAction(): suspicious call!
warn:lok:29737:29737:desktop/source/lib/init.cxx:285: lok exception 'Flavor text/plain;charset=utf-16 is not supported'
warn:svx.dialog:29737:29739:svx/source/dialog/rlrcitem.cxx:75: SvxTabStopItem expected
warn:lok:29737:29737:desktop/source/lib/init.cxx:285: lok exception 'Flavor text/plain;charset=utf-16 is not supported'
warn:sw.core:29737:29737:sw/source/core/doc/docfmt.cxx:1666: Found unknown auto SwNumRule during reset!
warn:sw.core:29737:29737:sw/source/core/doc/docfmt.cxx:1666: Found unknown auto SwNumRule during reset!
warn:lok:29737:29737:desktop/source/lib/init.cxx:285: lok exception 'Flavor text/plain;charset=utf-16 is not supported'
warn:lok:29737:29737:desktop/source/lib/init.cxx:285: lok exception 'Flavor text/plain;charset=utf-16 is not supported'
warn:sw.core:29737:29737:sw/source/core/doc/docfmt.cxx:1666: Found unknown auto SwNumRule during reset!
warn:sw.core:29737:29737:sw/source/core/doc/docfmt.cxx:1666: Found unknown auto SwNumRule during reset!
warn:sw.core:29737:29737:sw/source/core/doc/docfmt.cxx:1666: Found unknown auto SwNumRule during reset!
warn:lok:29737:29737:sfx2/source/view/lokhelper.cxx:1118: no explicit viewshell set
warn:lok:29737:29737:sfx2/source/view/lokhelper.cxx:1118: no explicit viewshell set
warn:lok:29737:29737:sfx2/source/view/lokhelper.cxx:1118: no explicit viewshell set
warn:lok:29737:29737:sfx2/source/view/lokhelper.cxx:1118: no explicit viewshell set
warn:lok:29737:29737:desktop/source/lib/init.cxx:285: lok exception 'Flavor text/plain;charset=utf-16 is not supported'
warn:svl:29737:29737:svl/source/undo/undo.cxx:1174: SfxUndoManager::MarkTopUndoAction(): suspicious call!
warn:lok:29737:29737:desktop/source/lib/init.cxx:285: lok exception 'Flavor text/plain;charset=utf-16 is not supported'
warn:svx.dialog:29737:29739:svx/source/dialog/rlrcitem.cxx:75: SvxTabStopItem expected
warn:lok:29737:29737:desktop/source/lib/init.cxx:285: lok exception 'Flavor text/plain;charset=utf-16 is not supported'
warn:sw.core:29737:29737:sw/source/core/doc/docfmt.cxx:1666: Found unknown auto SwNumRule during reset!
warn:sw.core:29737:29737:sw/source/core/doc/docfmt.cxx:1666: Found unknown auto SwNumRule during reset!
warn:lok:29737:29737:desktop/source/lib/init.cxx:285: lok exception 'Flavor text/plain;charset=utf-16 is not supported'
warn:lok:29737:29737:desktop/source/lib/init.cxx:285: lok exception 'Flavor text/plain;charset=utf-16 is not supported'
warn:lok:29737:29737:desktop/source/lib/init.cxx:285: lok exception 'Flavor text/plain;charset=utf-16 is not supported'
warn:sw.core:29737:29737:sw/source/core/doc/docfmt.cxx:1666: Found unknown auto SwNumRule during reset!
warn:sw.core:29737:29737:sw/source/core/doc/docfmt.cxx:1666: Found unknown auto SwNumRule during reset!
warn:sw.core:29737:29737:sw/source/core/doc/docfmt.cxx:1666: Found unknown auto SwNumRule during reset!
warn:lok:29737:29737:sfx2/source/view/lokhelper.cxx:1118: no explicit viewshell set
warn:lok:29737:29737:sfx2/source/view/lokhelper.cxx:1118: no explicit viewshell set
warn:lok:29737:29737:sfx2/source/view/lokhelper.cxx:1118: no explicit viewshell set
warn:lok:29737:29737:sfx2/source/view/lokhelper.cxx:1118: no explicit viewshell set
warn:lok:29737:29737:desktop/source/lib/init.cxx:285: lok exception 'Flavor text/plain;charset=utf-16 is not supported'
warn:svl:29737:29737:svl/source/undo/undo.cxx:1174: SfxUndoManager::MarkTopUndoAction(): suspicious call!
warn:lok:29737:29737:desktop/source/lib/init.cxx:285: lok exception 'Flavor text/plain;charset=utf-16 is not supported'
warn:svx.dialog:29737:29739:svx/source/dialog/rlrcitem.cxx:75: SvxTabStopItem expected
warn:lok:29737:29737:desktop/source/lib/init.cxx:285: lok exception 'Flavor text/plain;charset=utf-16 is not supported'
warn:sw.core:29737:29737:sw/source/core/doc/docfmt.cxx:1666: Found unknown auto SwNumRule during reset!
warn:sw.core:29737:29737:sw/source/core/doc/docfmt.cxx:1666: Found unknown auto SwNumRule during reset!
warn:lok:29737:29737:desktop/source/lib/init.cxx:285: lok exception 'Flavor text/plain;charset=utf-16 is not supported'
warn:sw.core:29737:29737:sw/source/core/doc/docfmt.cxx:1666: Found unknown auto SwNumRule during reset!
warn:sw.core:29737:29737:sw/source/core/doc/docfmt.cxx:1666: Found unknown auto SwNumRule during reset!
warn:sw.core:29737:29737:sw/source/core/doc/docfmt.cxx:1666: Found unknown auto SwNumRule during reset!
warn:lok:29737:29737:sfx2/source/view/lokhelper.cxx:1118: no explicit viewshell set
warn:lok:29737:29737:sfx2/source/view/lokhelper.cxx:1118: no explicit viewshell set
warn:lok:29737:29737:sfx2/source/view/lokhelper.cxx:1118: no explicit viewshell set
warn:lok:29737:29737:sfx2/source/view/lokhelper.cxx:1118: no explicit viewshell set
warn:lok:29737:29737:desktop/source/lib/init.cxx:285: lok exception 'Flavor text/plain;charset=utf-16 is not supported'
warn:svx.dialog:29737:29739:svx/source/dialog/rlrcitem.cxx:75: SvxTabStopItem expected
warn:unotools.config:29737:29737:unotools/source/config/configmgr.cxx:147: ConfigManager not empty
