warn:i18nlangtag:211806:211806:i18nlangtag/source/isolang/mslangid.cxx:105: MsLangId::getConfiguredSystemLanguage() - not configured yet
warn:i18nlangtag:211806:211806:i18nlangtag/source/isolang/mslangid.cxx:115: MsLangId::getConfiguredSystemUILanguage() - not configured yet
warn:desktop.app:211806:211808:unotools/source/ucbhelper/localfilehelper.cxx:86: error removing directory file:///home/jiajun/LibreOffice/study_LiteCore/wasm_sdk_probe/build/e2-a-format-readback/user-profile/user/extensions
warn:opencl:211829:211829:opencl/opencltest/main.cxx:159: OpenCL driver check failed: -54(line 159)
warn:lok:211806:211806:sfx2/source/view/lokhelper.cxx:1118: no explicit viewshell set
warn:lok:211806:211806:sfx2/source/view/lokhelper.cxx:1118: no explicit viewshell set
warn:lok:211806:211806:sfx2/source/view/lokhelper.cxx:1118: no explicit viewshell set
warn:lok:211806:211806:sfx2/source/view/lokhelper.cxx:1118: no explicit viewshell set
warn:lok:211806:211806:desktop/source/lib/init.cxx:285: lok exception 'Flavor text/plain;charset=utf-16 is not supported'
warn:lok:211806:211806:desktop/source/lib/init.cxx:285: lok exception 'Flavor text/plain;charset=utf-16 is not supported'
warn:lok:211806:211806:desktop/source/lib/init.cxx:285: lok exception 'Flavor text/plain;charset=utf-16 is not supported'
warn:lok:211806:211806:desktop/source/lib/init.cxx:285: lok exception 'Flavor image/png is not supported'
warn:lok:211806:211806:desktop/source/lib/init.cxx:285: lok exception 'Flavor text/html is not supported'
warn:lok:211806:211806:desktop/source/lib/init.cxx:285: lok exception 'Flavor text/plain;charset=utf-16 is not supported'
warn:svx.dialog:211806:211808:svx/source/dialog/rlrcitem.cxx:75: SvxTabStopItem expected
warn:lok:211806:211806:desktop/source/lib/init.cxx:285: lok exception 'Flavor text/plain;charset=utf-16 is not supported'
warn:lok:211806:211806:desktop/source/lib/init.cxx:285: lok exception 'Flavor text/plain;charset=utf-16 is not supported'
warn:lok:211806:211806:desktop/source/lib/init.cxx:285: lok exception 'Flavor text/plain;charset=utf-16 is not supported'
warn:lok:211806:211806:desktop/source/lib/init.cxx:285: lok exception 'Flavor image/png is not supported'
warn:lok:211806:211806:desktop/source/lib/init.cxx:285: lok exception 'Flavor text/html is not supported'
warn:lok:211806:211806:desktop/source/lib/init.cxx:285: lok exception 'Flavor text/plain;charset=utf-16 is not supported'
warn:lok:211806:211806:desktop/source/lib/init.cxx:285: lok exception 'Flavor text/plain;charset=utf-16 is not supported'
warn:lok:211806:211806:desktop/source/lib/init.cxx:285: lok exception 'Flavor text/plain;charset=utf-16 is not supported'
warn:lok:211806:211806:desktop/source/lib/init.cxx:285: lok exception 'Flavor text/plain;charset=utf-16 is not supported'
warn:lok:211806:211806:desktop/source/lib/init.cxx:285: lok exception 'Flavor image/png is not supported'
warn:lok:211806:211806:desktop/source/lib/init.cxx:285: lok exception 'Flavor text/html is not supported'
warn:lok:211806:211806:desktop/source/lib/init.cxx:285: lok exception 'Flavor text/plain;charset=utf-16 is not supported'
warn:sw.core:211806:211806:sw/source/core/doc/docfmt.cxx:1666: Found unknown auto SwNumRule during reset!
warn:sw.core:211806:211806:sw/source/core/doc/docfmt.cxx:1666: Found unknown auto SwNumRule during reset!
warn:sw.core:211806:211806:sw/source/core/doc/docfmt.cxx:1666: Found unknown auto SwNumRule during reset!
warn:sw.core:211806:211806:sw/source/core/doc/docfmt.cxx:1666: Found unknown auto SwNumRule during reset!
warn:sw.core:211806:211806:sw/source/core/doc/docfmt.cxx:1666: Found unknown auto SwNumRule during reset!
warn:sw.core:211806:211806:sw/source/core/doc/docfmt.cxx:1666: Found unknown auto SwNumRule during reset!
warn:sw.core:211806:211806:sw/source/core/doc/docfmt.cxx:1666: Found unknown auto SwNumRule during reset!
warn:sw.core:211806:211806:sw/source/core/doc/docfmt.cxx:1666: Found unknown auto SwNumRule during reset!
warn:sw.core:211806:211806:sw/source/core/doc/docfmt.cxx:1666: Found unknown auto SwNumRule during reset!
warn:sw.core:211806:211806:sw/source/core/doc/docfmt.cxx:1666: Found unknown auto SwNumRule during reset!
warn:sw.core:211806:211806:sw/source/core/doc/docfmt.cxx:1666: Found unknown auto SwNumRule during reset!
warn:sw.core:211806:211806:sw/source/core/doc/docfmt.cxx:1666: Found unknown auto SwNumRule during reset!
warn:svl:211806:211806:svl/source/undo/undo.cxx:1174: SfxUndoManager::MarkTopUndoAction(): suspicious call!
warn:lok:211806:211806:desktop/source/lib/init.cxx:285: lok exception 'Flavor text/plain;charset=utf-16 is not supported'
warn:lok:211806:211806:desktop/source/lib/init.cxx:285: lok exception 'Flavor text/plain;charset=utf-16 is not supported'
warn:lok:211806:211806:desktop/source/lib/init.cxx:285: lok exception 'Flavor text/plain;charset=utf-16 is not supported'
warn:lok:211806:211806:desktop/source/lib/init.cxx:285: lok exception 'Flavor image/png is not supported'
warn:lok:211806:211806:desktop/source/lib/init.cxx:285: lok exception 'Flavor text/html is not supported'
warn:lok:211806:211806:desktop/source/lib/init.cxx:285: lok exception 'Flavor text/plain;charset=utf-16 is not supported'
warn:sw.core:211806:211806:sw/source/core/doc/docfmt.cxx:1666: Found unknown auto SwNumRule during reset!
warn:sw.core:211806:211806:sw/source/core/doc/docfmt.cxx:1666: Found unknown auto SwNumRule during reset!
warn:sw.core:211806:211806:sw/source/core/doc/docfmt.cxx:1666: Found unknown auto SwNumRule during reset!
warn:sw.core:211806:211806:sw/source/core/doc/docfmt.cxx:1666: Found unknown auto SwNumRule during reset!
warn:sw.core:211806:211806:sw/source/core/doc/docfmt.cxx:1666: Found unknown auto SwNumRule during reset!
warn:sw.core:211806:211806:sw/source/core/doc/docfmt.cxx:1666: Found unknown auto SwNumRule during reset!
warn:sw.core:211806:211806:sw/source/core/doc/docfmt.cxx:1666: Found unknown auto SwNumRule during reset!
warn:sw.core:211806:211806:sw/source/core/doc/docfmt.cxx:1666: Found unknown auto SwNumRule during reset!
warn:lok:211806:211806:desktop/source/lib/init.cxx:285: lok exception 'Flavor text/plain;charset=utf-16 is not supported'
warn:lok:211806:211806:desktop/source/lib/init.cxx:285: lok exception 'Flavor text/plain;charset=utf-16 is not supported'
warn:lok:211806:211806:desktop/source/lib/init.cxx:285: lok exception 'Flavor text/plain;charset=utf-16 is not supported'
warn:lok:211806:211806:desktop/source/lib/init.cxx:285: lok exception 'Flavor image/png is not supported'
warn:lok:211806:211806:desktop/source/lib/init.cxx:285: lok exception 'Flavor text/html is not supported'
warn:lok:211806:211806:desktop/source/lib/init.cxx:285: lok exception 'Flavor text/plain;charset=utf-16 is not supported'
warn:sw.core:211806:211806:sw/source/core/doc/docfmt.cxx:1666: Found unknown auto SwNumRule during reset!
warn:sw.core:211806:211806:sw/source/core/doc/docfmt.cxx:1666: Found unknown auto SwNumRule during reset!
warn:sw.core:211806:211806:sw/source/core/doc/docfmt.cxx:1666: Found unknown auto SwNumRule during reset!
warn:sw.core:211806:211806:sw/source/core/doc/docfmt.cxx:1666: Found unknown auto SwNumRule during reset!
warn:sw.core:211806:211806:sw/source/core/doc/docfmt.cxx:1666: Found unknown auto SwNumRule during reset!
warn:sw.core:211806:211806:sw/source/core/doc/docfmt.cxx:1666: Found unknown auto SwNumRule during reset!
warn:sw.core:211806:211806:sw/source/core/doc/docfmt.cxx:1666: Found unknown auto SwNumRule during reset!
warn:sw.core:211806:211806:sw/source/core/doc/docfmt.cxx:1666: Found unknown auto SwNumRule during reset!
warn:sw.core:211806:211806:sw/source/core/doc/docfmt.cxx:1666: Found unknown auto SwNumRule during reset!
warn:sw.core:211806:211806:sw/source/core/doc/docfmt.cxx:1666: Found unknown auto SwNumRule during reset!
warn:sw.core:211806:211806:sw/source/core/doc/docfmt.cxx:1666: Found unknown auto SwNumRule during reset!
warn:sw.core:211806:211806:sw/source/core/doc/docfmt.cxx:1666: Found unknown auto SwNumRule during reset!
warn:lok:211806:211806:desktop/source/lib/init.cxx:285: lok exception 'Flavor text/plain;charset=utf-16 is not supported'
warn:lok:211806:211806:desktop/source/lib/init.cxx:285: lok exception 'Flavor text/plain;charset=utf-16 is not supported'
warn:lok:211806:211806:desktop/source/lib/init.cxx:285: lok exception 'Flavor text/plain;charset=utf-16 is not supported'
warn:lok:211806:211806:desktop/source/lib/init.cxx:285: lok exception 'Flavor image/png is not supported'
warn:lok:211806:211806:desktop/source/lib/init.cxx:285: lok exception 'Flavor text/html is not supported'
warn:lok:211806:211806:desktop/source/lib/init.cxx:285: lok exception 'Flavor text/plain;charset=utf-16 is not supported'
warn:sw.core:211806:211806:sw/source/core/doc/docfmt.cxx:1666: Found unknown auto SwNumRule during reset!
warn:sw.core:211806:211806:sw/source/core/doc/docfmt.cxx:1666: Found unknown auto SwNumRule during reset!
warn:sw.core:211806:211806:sw/source/core/doc/docfmt.cxx:1666: Found unknown auto SwNumRule during reset!
warn:sw.core:211806:211806:sw/source/core/doc/docfmt.cxx:1666: Found unknown auto SwNumRule during reset!
warn:sw.core:211806:211806:sw/source/core/doc/docfmt.cxx:1666: Found unknown auto SwNumRule during reset!
warn:sw.core:211806:211806:sw/source/core/doc/docfmt.cxx:1666: Found unknown auto SwNumRule during reset!
warn:sw.core:211806:211806:sw/source/core/doc/docfmt.cxx:1666: Found unknown auto SwNumRule during reset!
warn:sw.core:211806:211806:sw/source/core/doc/docfmt.cxx:1666: Found unknown auto SwNumRule during reset!
warn:sw.core:211806:211806:sw/source/core/doc/docfmt.cxx:1666: Found unknown auto SwNumRule during reset!
warn:sw.core:211806:211806:sw/source/core/doc/docfmt.cxx:1666: Found unknown auto SwNumRule during reset!
warn:sw.core:211806:211806:sw/source/core/doc/docfmt.cxx:1666: Found unknown auto SwNumRule during reset!
warn:sw.core:211806:211806:sw/source/core/doc/docfmt.cxx:1666: Found unknown auto SwNumRule during reset!
warn:lok:211806:211806:desktop/source/lib/init.cxx:285: lok exception 'Flavor text/plain;charset=utf-16 is not supported'
warn:lok:211806:211806:desktop/source/lib/init.cxx:285: lok exception 'Flavor text/plain;charset=utf-16 is not supported'
warn:lok:211806:211806:desktop/source/lib/init.cxx:285: lok exception 'Flavor text/plain;charset=utf-16 is not supported'
warn:lok:211806:211806:desktop/source/lib/init.cxx:285: lok exception 'Flavor image/png is not supported'
warn:lok:211806:211806:desktop/source/lib/init.cxx:285: lok exception 'Flavor text/html is not supported'
warn:lok:211806:211806:desktop/source/lib/init.cxx:285: lok exception 'Flavor text/plain;charset=utf-16 is not supported'
warn:sw.core:211806:211806:sw/source/core/doc/docfmt.cxx:1666: Found unknown auto SwNumRule during reset!
warn:sw.core:211806:211806:sw/source/core/doc/docfmt.cxx:1666: Found unknown auto SwNumRule during reset!
warn:sw.core:211806:211806:sw/source/core/doc/docfmt.cxx:1666: Found unknown auto SwNumRule during reset!
warn:sw.core:211806:211806:sw/source/core/doc/docfmt.cxx:1666: Found unknown auto SwNumRule during reset!
warn:sw.core:211806:211806:sw/source/core/doc/docfmt.cxx:1666: Found unknown auto SwNumRule during reset!
warn:sw.core:211806:211806:sw/source/core/doc/docfmt.cxx:1666: Found unknown auto SwNumRule during reset!
warn:sw.core:211806:211806:sw/source/core/doc/docfmt.cxx:1666: Found unknown auto SwNumRule during reset!
warn:sw.core:211806:211806:sw/source/core/doc/docfmt.cxx:1666: Found unknown auto SwNumRule during reset!
warn:sw.core:211806:211806:sw/source/core/doc/docfmt.cxx:1666: Found unknown auto SwNumRule during reset!
warn:sw.core:211806:211806:sw/source/core/doc/docfmt.cxx:1666: Found unknown auto SwNumRule during reset!
warn:sw.core:211806:211806:sw/source/core/doc/docfmt.cxx:1666: Found unknown auto SwNumRule during reset!
warn:sw.core:211806:211806:sw/source/core/doc/docfmt.cxx:1666: Found unknown auto SwNumRule during reset!
warn:lok:211806:211806:desktop/source/lib/init.cxx:285: lok exception 'Flavor text/plain;charset=utf-16 is not supported'
warn:lok:211806:211806:desktop/source/lib/init.cxx:285: lok exception 'Flavor text/plain;charset=utf-16 is not supported'
warn:lok:211806:211806:desktop/source/lib/init.cxx:285: lok exception 'Flavor text/plain;charset=utf-16 is not supported'
warn:lok:211806:211806:desktop/source/lib/init.cxx:285: lok exception 'Flavor image/png is not supported'
warn:lok:211806:211806:desktop/source/lib/init.cxx:285: lok exception 'Flavor text/html is not supported'
warn:lok:211806:211806:desktop/source/lib/init.cxx:285: lok exception 'Flavor text/plain;charset=utf-16 is not supported'
warn:sw.core:211806:211806:sw/source/core/doc/docfmt.cxx:1666: Found unknown auto SwNumRule during reset!
warn:sw.core:211806:211806:sw/source/core/doc/docfmt.cxx:1666: Found unknown auto SwNumRule during reset!
warn:sw.core:211806:211806:sw/source/core/doc/docfmt.cxx:1666: Found unknown auto SwNumRule during reset!
warn:sw.core:211806:211806:sw/source/core/doc/docfmt.cxx:1666: Found unknown auto SwNumRule during reset!
warn:sw.core:211806:211806:sw/source/core/doc/docfmt.cxx:1666: Found unknown auto SwNumRule during reset!
warn:sw.core:211806:211806:sw/source/core/doc/docfmt.cxx:1666: Found unknown auto SwNumRule during reset!
warn:sw.core:211806:211806:sw/source/core/doc/docfmt.cxx:1666: Found unknown auto SwNumRule during reset!
warn:sw.core:211806:211806:sw/source/core/doc/docfmt.cxx:1666: Found unknown auto SwNumRule during reset!
warn:sw.core:211806:211806:sw/source/core/doc/docfmt.cxx:1666: Found unknown auto SwNumRule during reset!
warn:sw.core:211806:211806:sw/source/core/doc/docfmt.cxx:1666: Found unknown auto SwNumRule during reset!
warn:sw.core:211806:211806:sw/source/core/doc/docfmt.cxx:1666: Found unknown auto SwNumRule during reset!
warn:sw.core:211806:211806:sw/source/core/doc/docfmt.cxx:1666: Found unknown auto SwNumRule during reset!
warn:unotools.config:211806:211806:unotools/source/config/configmgr.cxx:147: ConfigManager not empty
