warn:i18nlangtag:69421:69421:i18nlangtag/source/isolang/mslangid.cxx:105: MsLangId::getConfiguredSystemLanguage() - not configured yet
warn:i18nlangtag:69421:69421:i18nlangtag/source/isolang/mslangid.cxx:115: MsLangId::getConfiguredSystemUILanguage() - not configured yet
warn:desktop.app:69421:69423:unotools/source/ucbhelper/localfilehelper.cxx:86: error removing directory file:///home/jiajun/LibreOffice/study_LiteCore/findings/evidence/046/native/run-2-after-action/user-profile/user/extensions
warn:opencl:69444:69444:opencl/opencltest/main.cxx:159: OpenCL driver check failed: -54(line 159)
warn:lok:69421:69421:sfx2/source/view/lokhelper.cxx:1118: no explicit viewshell set
warn:lok:69421:69421:sfx2/source/view/lokhelper.cxx:1118: no explicit viewshell set
warn:lok:69421:69421:sfx2/source/view/lokhelper.cxx:1118: no explicit viewshell set
warn:lok:69421:69421:sfx2/source/view/lokhelper.cxx:1118: no explicit viewshell set
warn:svx.dialog:69421:69423:svx/source/dialog/rlrcitem.cxx:75: SvxTabStopItem expected
warn:lok:69421:69421:desktop/source/lib/init.cxx:285: lok exception 'Flavor text/plain;charset=utf-16 is not supported'
warn:lok:69421:69421:desktop/source/lib/init.cxx:285: lok exception 'Flavor image/png is not supported'
warn:lok:69421:69421:desktop/source/lib/init.cxx:285: lok exception 'Flavor text/html is not supported'
warn:lok:69421:69421:desktop/source/lib/init.cxx:285: lok exception 'Flavor text/plain;charset=utf-16 is not supported'
warn:lok:69421:69421:desktop/source/lib/init.cxx:285: lok exception 'Flavor text/plain;charset=utf-16 is not supported'
warn:lok:69421:69421:desktop/source/lib/init.cxx:285: lok exception 'Flavor text/plain;charset=utf-16 is not supported'
warn:lok:69421:69421:desktop/source/lib/init.cxx:285: lok exception 'Flavor image/png is not supported'
warn:lok:69421:69421:desktop/source/lib/init.cxx:285: lok exception 'Flavor text/html is not supported'
warn:lok:69421:69421:desktop/source/lib/init.cxx:285: lok exception 'Flavor text/plain;charset=utf-16 is not supported'
warn:lok:69421:69421:desktop/source/lib/init.cxx:285: lok exception 'Flavor text/plain;charset=utf-16 is not supported'
warn:svl:69421:69423:svl/source/undo/undo.cxx:1174: SfxUndoManager::MarkTopUndoAction(): suspicious call!
warn:lok:69421:69421:desktop/source/lib/init.cxx:285: lok exception 'Flavor text/plain;charset=utf-16 is not supported'
warn:lok:69421:69421:desktop/source/lib/init.cxx:285: lok exception 'Flavor image/png is not supported'
warn:lok:69421:69421:desktop/source/lib/init.cxx:285: lok exception 'Flavor text/html is not supported'
warn:lok:69421:69421:desktop/source/lib/init.cxx:285: lok exception 'Flavor text/plain;charset=utf-16 is not supported'
warn:lok:69421:69421:desktop/source/lib/init.cxx:285: lok exception 'Flavor text/plain;charset=utf-16 is not supported'
warn:sw.core:69421:69421:sw/source/core/doc/docfmt.cxx:1666: Found unknown auto SwNumRule during reset!
warn:sw.core:69421:69421:sw/source/core/doc/docfmt.cxx:1666: Found unknown auto SwNumRule during reset!
warn:sw.core:69421:69421:sw/source/core/doc/docfmt.cxx:1666: Found unknown auto SwNumRule during reset!
warn:unotools.config:69421:69421:unotools/source/config/configmgr.cxx:147: ConfigManager not empty
