warn:i18nlangtag:68685:68685:i18nlangtag/source/isolang/mslangid.cxx:105: MsLangId::getConfiguredSystemLanguage() - not configured yet
warn:i18nlangtag:68685:68685:i18nlangtag/source/isolang/mslangid.cxx:115: MsLangId::getConfiguredSystemUILanguage() - not configured yet
warn:desktop.app:68685:68687:unotools/source/ucbhelper/localfilehelper.cxx:86: error removing directory file:///home/jiajun/LibreOffice/study_LiteCore/findings/evidence/046/native/run/user-profile/user/extensions
warn:opencl:68708:68708:opencl/opencltest/main.cxx:159: OpenCL driver check failed: -54(line 159)
warn:lok:68685:68685:sfx2/source/view/lokhelper.cxx:1118: no explicit viewshell set
warn:lok:68685:68685:sfx2/source/view/lokhelper.cxx:1118: no explicit viewshell set
warn:lok:68685:68685:sfx2/source/view/lokhelper.cxx:1118: no explicit viewshell set
warn:lok:68685:68685:sfx2/source/view/lokhelper.cxx:1118: no explicit viewshell set
warn:svx.dialog:68685:68687:svx/source/dialog/rlrcitem.cxx:75: SvxTabStopItem expected
warn:lok:68685:68685:desktop/source/lib/init.cxx:285: lok exception 'Flavor text/plain;charset=utf-16 is not supported'
warn:lok:68685:68685:desktop/source/lib/init.cxx:285: lok exception 'Flavor image/png is not supported'
warn:lok:68685:68685:desktop/source/lib/init.cxx:285: lok exception 'Flavor text/html is not supported'
warn:lok:68685:68685:desktop/source/lib/init.cxx:285: lok exception 'Flavor text/plain;charset=utf-16 is not supported'
warn:lok:68685:68685:desktop/source/lib/init.cxx:285: lok exception 'Flavor text/plain;charset=utf-16 is not supported'
warn:lok:68685:68685:desktop/source/lib/init.cxx:285: lok exception 'Flavor text/plain;charset=utf-16 is not supported'
warn:lok:68685:68685:desktop/source/lib/init.cxx:285: lok exception 'Flavor image/png is not supported'
warn:lok:68685:68685:desktop/source/lib/init.cxx:285: lok exception 'Flavor text/html is not supported'
warn:lok:68685:68685:desktop/source/lib/init.cxx:285: lok exception 'Flavor text/plain;charset=utf-16 is not supported'
warn:lok:68685:68685:desktop/source/lib/init.cxx:285: lok exception 'Flavor text/plain;charset=utf-16 is not supported'
warn:unotools.config:68685:68685:unotools/source/config/configmgr.cxx:147: ConfigManager not empty
