warn:i18nlangtag:39700:39700:i18nlangtag/source/isolang/mslangid.cxx:105: MsLangId::getConfiguredSystemLanguage() - not configured yet
warn:i18nlangtag:39700:39700:i18nlangtag/source/isolang/mslangid.cxx:115: MsLangId::getConfiguredSystemUILanguage() - not configured yet
warn:desktop.app:39700:39702:unotools/source/ucbhelper/localfilehelper.cxx:86: error removing directory file:///home/jiajun/LibreOffice/study_LiteCore/wasm_sdk_probe/build/f049-native-round3/user-profile/user/extensions
warn:opencl:39723:39723:opencl/opencltest/main.cxx:159: OpenCL driver check failed: -54(line 159)
warn:lok:39700:39700:sfx2/source/view/lokhelper.cxx:1118: no explicit viewshell set
warn:lok:39700:39700:sfx2/source/view/lokhelper.cxx:1118: no explicit viewshell set
warn:lok:39700:39700:sfx2/source/view/lokhelper.cxx:1118: no explicit viewshell set
warn:lok:39700:39700:sfx2/source/view/lokhelper.cxx:1118: no explicit viewshell set
warn:lok:39700:39700:sfx2/source/view/lokhelper.cxx:1118: no explicit viewshell set
warn:lok:39700:39700:sfx2/source/view/lokhelper.cxx:1118: no explicit viewshell set
warn:lok:39700:39700:sfx2/source/view/lokhelper.cxx:1118: no explicit viewshell set
warn:lok:39700:39700:sfx2/source/view/lokhelper.cxx:1118: no explicit viewshell set
warn:lok:39700:39700:desktop/source/lib/init.cxx:285: lok exception 'Flavor text/plain;charset=utf-16 is not supported'
warn:svx.dialog:39700:39702:svx/source/dialog/rlrcitem.cxx:75: SvxTabStopItem expected
warn:lok:39700:39700:sfx2/source/view/lokhelper.cxx:1118: no explicit viewshell set
warn:lok:39700:39700:sfx2/source/view/lokhelper.cxx:1118: no explicit viewshell set
warn:lok:39700:39700:sfx2/source/view/lokhelper.cxx:1118: no explicit viewshell set
warn:lok:39700:39700:sfx2/source/view/lokhelper.cxx:1118: no explicit viewshell set
warn:lok:39700:39700:desktop/source/lib/init.cxx:285: lok exception 'Flavor text/plain;charset=utf-16 is not supported'
warn:svl:39700:39700:svl/source/undo/undo.cxx:1174: SfxUndoManager::MarkTopUndoAction(): suspicious call!
warn:lok:39700:39700:desktop/source/lib/init.cxx:285: lok exception 'Flavor text/plain;charset=utf-16 is not supported'
warn:svx.dialog:39700:39702:svx/source/dialog/rlrcitem.cxx:75: SvxTabStopItem expected
warn:sw.core:39700:39700:sw/source/core/doc/docfmt.cxx:1666: Found unknown auto SwNumRule during reset!
warn:sw.core:39700:39700:sw/source/core/doc/docfmt.cxx:1666: Found unknown auto SwNumRule during reset!
warn:sw.core:39700:39700:sw/source/core/doc/docfmt.cxx:1666: Found unknown auto SwNumRule during reset!
warn:lok:39700:39700:sfx2/source/view/lokhelper.cxx:1118: no explicit viewshell set
warn:lok:39700:39700:sfx2/source/view/lokhelper.cxx:1118: no explicit viewshell set
warn:lok:39700:39700:sfx2/source/view/lokhelper.cxx:1118: no explicit viewshell set
warn:lok:39700:39700:sfx2/source/view/lokhelper.cxx:1118: no explicit viewshell set
warn:lok:39700:39700:desktop/source/lib/init.cxx:285: lok exception 'Flavor text/plain;charset=utf-16 is not supported'
warn:svx.dialog:39700:39702:svx/source/dialog/rlrcitem.cxx:75: SvxTabStopItem expected
warn:lok:39700:39700:desktop/source/lib/init.cxx:285: lok exception 'Flavor text/plain;charset=utf-16 is not supported'
warn:lok:39700:39700:desktop/source/lib/init.cxx:285: lok exception 'Flavor text/plain;charset=utf-16 is not supported'
warn:lok:39700:39700:desktop/source/lib/init.cxx:285: lok exception 'Flavor text/plain;charset=utf-16 is not supported'
warn:lok:39700:39700:desktop/source/lib/init.cxx:285: lok exception 'Flavor text/plain;charset=utf-16 is not supported'
warn:lok:39700:39700:sfx2/source/view/lokhelper.cxx:1118: no explicit viewshell set
warn:lok:39700:39700:sfx2/source/view/lokhelper.cxx:1118: no explicit viewshell set
warn:lok:39700:39700:sfx2/source/view/lokhelper.cxx:1118: no explicit viewshell set
warn:lok:39700:39700:sfx2/source/view/lokhelper.cxx:1118: no explicit viewshell set
warn:lok:39700:39700:desktop/source/lib/init.cxx:285: lok exception 'Flavor text/plain;charset=utf-16 is not supported'
warn:svl:39700:39700:svl/source/undo/undo.cxx:1174: SfxUndoManager::MarkTopUndoAction(): suspicious call!
warn:lok:39700:39700:desktop/source/lib/init.cxx:285: lok exception 'Flavor text/plain;charset=utf-16 is not supported'
warn:svx.dialog:39700:39702:svx/source/dialog/rlrcitem.cxx:75: SvxTabStopItem expected
warn:lok:39700:39700:desktop/source/lib/init.cxx:285: lok exception 'Flavor text/plain;charset=utf-16 is not supported'
warn:sw.core:39700:39700:sw/source/core/doc/docfmt.cxx:1666: Found unknown auto SwNumRule during reset!
warn:sw.core:39700:39700:sw/source/core/doc/docfmt.cxx:1666: Found unknown auto SwNumRule during reset!
warn:lok:39700:39700:desktop/source/lib/init.cxx:285: lok exception 'Flavor text/plain;charset=utf-16 is not supported'
warn:lok:39700:39700:desktop/source/lib/init.cxx:285: lok exception 'Flavor text/plain;charset=utf-16 is not supported'
warn:lok:39700:39700:desktop/source/lib/init.cxx:285: lok exception 'Flavor text/plain;charset=utf-16 is not supported'
warn:sw.core:39700:39700:sw/source/core/doc/docfmt.cxx:1666: Found unknown auto SwNumRule during reset!
warn:lok:39700:39700:sfx2/source/view/lokhelper.cxx:1118: no explicit viewshell set
warn:lok:39700:39700:sfx2/source/view/lokhelper.cxx:1118: no explicit viewshell set
warn:lok:39700:39700:sfx2/source/view/lokhelper.cxx:1118: no explicit viewshell set
warn:lok:39700:39700:sfx2/source/view/lokhelper.cxx:1118: no explicit viewshell set
warn:lok:39700:39700:desktop/source/lib/init.cxx:285: lok exception 'Flavor text/plain;charset=utf-16 is not supported'
warn:svl:39700:39700:svl/source/undo/undo.cxx:1174: SfxUndoManager::MarkTopUndoAction(): suspicious call!
warn:lok:39700:39700:desktop/source/lib/init.cxx:285: lok exception 'Flavor text/plain;charset=utf-16 is not supported'
warn:svx.dialog:39700:39702:svx/source/dialog/rlrcitem.cxx:75: SvxTabStopItem expected
warn:lok:39700:39700:desktop/source/lib/init.cxx:285: lok exception 'Flavor text/plain;charset=utf-16 is not supported'
warn:sw.core:39700:39700:sw/source/core/doc/docfmt.cxx:1666: Found unknown auto SwNumRule during reset!
warn:sw.core:39700:39700:sw/source/core/doc/docfmt.cxx:1666: Found unknown auto SwNumRule during reset!
warn:lok:39700:39700:desktop/source/lib/init.cxx:285: lok exception 'Flavor text/plain;charset=utf-16 is not supported'
warn:lok:39700:39700:desktop/source/lib/init.cxx:285: lok exception 'Flavor text/plain;charset=utf-16 is not supported'
warn:lok:39700:39700:desktop/source/lib/init.cxx:285: lok exception 'Flavor text/plain;charset=utf-16 is not supported'
warn:lok:39700:39700:desktop/source/lib/init.cxx:285: lok exception 'Flavor text/plain;charset=utf-16 is not supported'
warn:sw.core:39700:39700:sw/source/core/doc/docfmt.cxx:1666: Found unknown auto SwNumRule during reset!
warn:lok:39700:39700:sfx2/source/view/lokhelper.cxx:1118: no explicit viewshell set
warn:lok:39700:39700:sfx2/source/view/lokhelper.cxx:1118: no explicit viewshell set
warn:lok:39700:39700:sfx2/source/view/lokhelper.cxx:1118: no explicit viewshell set
warn:lok:39700:39700:sfx2/source/view/lokhelper.cxx:1118: no explicit viewshell set
warn:lok:39700:39700:desktop/source/lib/init.cxx:285: lok exception 'Flavor text/plain;charset=utf-16 is not supported'
warn:svl:39700:39700:svl/source/undo/undo.cxx:1174: SfxUndoManager::MarkTopUndoAction(): suspicious call!
warn:lok:39700:39700:desktop/source/lib/init.cxx:285: lok exception 'Flavor text/plain;charset=utf-16 is not supported'
warn:svx.dialog:39700:39702:svx/source/dialog/rlrcitem.cxx:75: SvxTabStopItem expected
warn:lok:39700:39700:desktop/source/lib/init.cxx:285: lok exception 'Flavor text/plain;charset=utf-16 is not supported'
warn:sw.core:39700:39700:sw/source/core/doc/docfmt.cxx:1666: Found unknown auto SwNumRule during reset!
warn:sw.core:39700:39700:sw/source/core/doc/docfmt.cxx:1666: Found unknown auto SwNumRule during reset!
warn:lok:39700:39700:desktop/source/lib/init.cxx:285: lok exception 'Flavor text/plain;charset=utf-16 is not supported'
warn:lok:39700:39700:desktop/source/lib/init.cxx:285: lok exception 'Flavor text/plain;charset=utf-16 is not supported'
warn:sw.core:39700:39700:sw/source/core/doc/docfmt.cxx:1666: Found unknown auto SwNumRule during reset!
warn:sw.core:39700:39700:sw/source/core/doc/docfmt.cxx:1666: Found unknown auto SwNumRule during reset!
warn:sw.core:39700:39700:sw/source/core/doc/docfmt.cxx:1666: Found unknown auto SwNumRule during reset!
warn:lok:39700:39700:sfx2/source/view/lokhelper.cxx:1118: no explicit viewshell set
warn:lok:39700:39700:sfx2/source/view/lokhelper.cxx:1118: no explicit viewshell set
warn:lok:39700:39700:sfx2/source/view/lokhelper.cxx:1118: no explicit viewshell set
warn:lok:39700:39700:sfx2/source/view/lokhelper.cxx:1118: no explicit viewshell set
warn:lok:39700:39700:desktop/source/lib/init.cxx:285: lok exception 'Flavor text/plain;charset=utf-16 is not supported'
warn:svl:39700:39700:svl/source/undo/undo.cxx:1174: SfxUndoManager::MarkTopUndoAction(): suspicious call!
warn:lok:39700:39700:desktop/source/lib/init.cxx:285: lok exception 'Flavor text/plain;charset=utf-16 is not supported'
warn:svx.dialog:39700:39702:svx/source/dialog/rlrcitem.cxx:75: SvxTabStopItem expected
warn:lok:39700:39700:desktop/source/lib/init.cxx:285: lok exception 'Flavor text/plain;charset=utf-16 is not supported'
warn:sw.core:39700:39700:sw/source/core/doc/docfmt.cxx:1666: Found unknown auto SwNumRule during reset!
warn:sw.core:39700:39700:sw/source/core/doc/docfmt.cxx:1666: Found unknown auto SwNumRule during reset!
warn:lok:39700:39700:desktop/source/lib/init.cxx:285: lok exception 'Flavor text/plain;charset=utf-16 is not supported'
warn:lok:39700:39700:desktop/source/lib/init.cxx:285: lok exception 'Flavor text/plain;charset=utf-16 is not supported'
warn:lok:39700:39700:desktop/source/lib/init.cxx:285: lok exception 'Flavor text/plain;charset=utf-16 is not supported'
warn:sw.core:39700:39700:sw/source/core/doc/docfmt.cxx:1666: Found unknown auto SwNumRule during reset!
warn:sw.core:39700:39700:sw/source/core/doc/docfmt.cxx:1666: Found unknown auto SwNumRule during reset!
warn:sw.core:39700:39700:sw/source/core/doc/docfmt.cxx:1666: Found unknown auto SwNumRule during reset!
warn:lok:39700:39700:sfx2/source/view/lokhelper.cxx:1118: no explicit viewshell set
warn:lok:39700:39700:sfx2/source/view/lokhelper.cxx:1118: no explicit viewshell set
warn:lok:39700:39700:sfx2/source/view/lokhelper.cxx:1118: no explicit viewshell set
warn:lok:39700:39700:sfx2/source/view/lokhelper.cxx:1118: no explicit viewshell set
warn:lok:39700:39700:desktop/source/lib/init.cxx:285: lok exception 'Flavor text/plain;charset=utf-16 is not supported'
warn:svl:39700:39700:svl/source/undo/undo.cxx:1174: SfxUndoManager::MarkTopUndoAction(): suspicious call!
warn:lok:39700:39700:desktop/source/lib/init.cxx:285: lok exception 'Flavor text/plain;charset=utf-16 is not supported'
warn:svx.dialog:39700:39702:svx/source/dialog/rlrcitem.cxx:75: SvxTabStopItem expected
warn:lok:39700:39700:desktop/source/lib/init.cxx:285: lok exception 'Flavor text/plain;charset=utf-16 is not supported'
warn:sw.core:39700:39700:sw/source/core/doc/docfmt.cxx:1666: Found unknown auto SwNumRule during reset!
warn:sw.core:39700:39700:sw/source/core/doc/docfmt.cxx:1666: Found unknown auto SwNumRule during reset!
warn:lok:39700:39700:desktop/source/lib/init.cxx:285: lok exception 'Flavor text/plain;charset=utf-16 is not supported'
warn:sw.core:39700:39700:sw/source/core/doc/docfmt.cxx:1666: Found unknown auto SwNumRule during reset!
warn:sw.core:39700:39700:sw/source/core/doc/docfmt.cxx:1666: Found unknown auto SwNumRule during reset!
warn:sw.core:39700:39700:sw/source/core/doc/docfmt.cxx:1666: Found unknown auto SwNumRule during reset!
warn:lok:39700:39700:sfx2/source/view/lokhelper.cxx:1118: no explicit viewshell set
warn:lok:39700:39700:sfx2/source/view/lokhelper.cxx:1118: no explicit viewshell set
warn:lok:39700:39700:sfx2/source/view/lokhelper.cxx:1118: no explicit viewshell set
warn:lok:39700:39700:sfx2/source/view/lokhelper.cxx:1118: no explicit viewshell set
warn:lok:39700:39700:desktop/source/lib/init.cxx:285: lok exception 'Flavor text/plain;charset=utf-16 is not supported'
warn:svx.dialog:39700:39702:svx/source/dialog/rlrcitem.cxx:75: SvxTabStopItem expected
warn:lok:39700:39700:sfx2/source/view/lokhelper.cxx:1118: no explicit viewshell set
warn:lok:39700:39700:sfx2/source/view/lokhelper.cxx:1118: no explicit viewshell set
warn:lok:39700:39700:sfx2/source/view/lokhelper.cxx:1118: no explicit viewshell set
warn:lok:39700:39700:sfx2/source/view/lokhelper.cxx:1118: no explicit viewshell set
warn:lok:39700:39700:desktop/source/lib/init.cxx:285: lok exception 'Flavor text/plain;charset=utf-16 is not supported'
warn:svx.dialog:39700:39702:svx/source/dialog/rlrcitem.cxx:75: SvxTabStopItem expected
warn:lok:39700:39700:sfx2/source/view/lokhelper.cxx:1118: no explicit viewshell set
warn:lok:39700:39700:sfx2/source/view/lokhelper.cxx:1118: no explicit viewshell set
warn:lok:39700:39700:sfx2/source/view/lokhelper.cxx:1118: no explicit viewshell set
warn:lok:39700:39700:sfx2/source/view/lokhelper.cxx:1118: no explicit viewshell set
warn:lok:39700:39700:desktop/source/lib/init.cxx:285: lok exception 'Flavor text/plain;charset=utf-16 is not supported'
warn:svx.dialog:39700:39702:svx/source/dialog/rlrcitem.cxx:75: SvxTabStopItem expected
warn:lok:39700:39700:desktop/source/lib/init.cxx:285: lok exception 'Flavor text/plain;charset=utf-16 is not supported'
warn:lok:39700:39700:desktop/source/lib/init.cxx:285: lok exception 'Flavor text/plain;charset=utf-16 is not supported'
warn:lok:39700:39700:desktop/source/lib/init.cxx:285: lok exception 'Flavor text/plain;charset=utf-16 is not supported'
warn:lok:39700:39700:sfx2/source/view/lokhelper.cxx:1118: no explicit viewshell set
warn:lok:39700:39700:sfx2/source/view/lokhelper.cxx:1118: no explicit viewshell set
warn:lok:39700:39700:sfx2/source/view/lokhelper.cxx:1118: no explicit viewshell set
warn:lok:39700:39700:sfx2/source/view/lokhelper.cxx:1118: no explicit viewshell set
warn:lok:39700:39700:desktop/source/lib/init.cxx:285: lok exception 'Flavor text/plain;charset=utf-16 is not supported'
warn:svx.dialog:39700:39702:svx/source/dialog/rlrcitem.cxx:75: SvxTabStopItem expected
warn:lok:39700:39700:desktop/source/lib/init.cxx:285: lok exception 'Flavor text/plain;charset=utf-16 is not supported'
warn:lok:39700:39700:sfx2/source/view/lokhelper.cxx:1118: no explicit viewshell set
warn:lok:39700:39700:sfx2/source/view/lokhelper.cxx:1118: no explicit viewshell set
warn:lok:39700:39700:sfx2/source/view/lokhelper.cxx:1118: no explicit viewshell set
warn:lok:39700:39700:sfx2/source/view/lokhelper.cxx:1118: no explicit viewshell set
warn:lok:39700:39700:desktop/source/lib/init.cxx:285: lok exception 'Flavor text/plain;charset=utf-16 is not supported'
warn:svx.dialog:39700:39702:svx/source/dialog/rlrcitem.cxx:75: SvxTabStopItem expected
warn:lok:39700:39700:desktop/source/lib/init.cxx:285: lok exception 'Flavor text/plain;charset=utf-16 is not supported'
warn:lok:39700:39700:sfx2/source/view/lokhelper.cxx:1118: no explicit viewshell set
warn:lok:39700:39700:sfx2/source/view/lokhelper.cxx:1118: no explicit viewshell set
warn:lok:39700:39700:sfx2/source/view/lokhelper.cxx:1118: no explicit viewshell set
warn:lok:39700:39700:sfx2/source/view/lokhelper.cxx:1118: no explicit viewshell set
warn:lok:39700:39700:desktop/source/lib/init.cxx:285: lok exception 'Flavor text/plain;charset=utf-16 is not supported'
warn:svx.dialog:39700:39702:svx/source/dialog/rlrcitem.cxx:75: SvxTabStopItem expected
warn:lok:39700:39700:desktop/source/lib/init.cxx:285: lok exception 'Flavor text/plain;charset=utf-16 is not supported'
warn:lok:39700:39700:sfx2/source/view/lokhelper.cxx:1118: no explicit viewshell set
warn:lok:39700:39700:sfx2/source/view/lokhelper.cxx:1118: no explicit viewshell set
warn:lok:39700:39700:sfx2/source/view/lokhelper.cxx:1118: no explicit viewshell set
warn:lok:39700:39700:sfx2/source/view/lokhelper.cxx:1118: no explicit viewshell set
warn:lok:39700:39700:desktop/source/lib/init.cxx:285: lok exception 'Flavor text/plain;charset=utf-16 is not supported'
warn:svx.dialog:39700:39702:svx/source/dialog/rlrcitem.cxx:75: SvxTabStopItem expected
warn:lok:39700:39700:desktop/source/lib/init.cxx:285: lok exception 'Flavor text/plain;charset=utf-16 is not supported'
warn:lok:39700:39700:sfx2/source/view/lokhelper.cxx:1118: no explicit viewshell set
warn:lok:39700:39700:sfx2/source/view/lokhelper.cxx:1118: no explicit viewshell set
warn:lok:39700:39700:sfx2/source/view/lokhelper.cxx:1118: no explicit viewshell set
warn:lok:39700:39700:sfx2/source/view/lokhelper.cxx:1118: no explicit viewshell set
warn:lok:39700:39700:desktop/source/lib/init.cxx:285: lok exception 'Flavor text/plain;charset=utf-16 is not supported'
warn:svx.dialog:39700:39702:svx/source/dialog/rlrcitem.cxx:75: SvxTabStopItem expected
warn:lok:39700:39700:desktop/source/lib/init.cxx:285: lok exception 'Flavor text/plain;charset=utf-16 is not supported'
warn:lok:39700:39700:sfx2/source/view/lokhelper.cxx:1118: no explicit viewshell set
warn:lok:39700:39700:sfx2/source/view/lokhelper.cxx:1118: no explicit viewshell set
warn:lok:39700:39700:sfx2/source/view/lokhelper.cxx:1118: no explicit viewshell set
warn:lok:39700:39700:sfx2/source/view/lokhelper.cxx:1118: no explicit viewshell set
warn:lok:39700:39700:desktop/source/lib/init.cxx:285: lok exception 'Flavor text/plain;charset=utf-16 is not supported'
warn:svx.dialog:39700:39702:svx/source/dialog/rlrcitem.cxx:75: SvxTabStopItem expected
warn:lok:39700:39700:desktop/source/lib/init.cxx:285: lok exception 'Flavor text/plain;charset=utf-16 is not supported'
warn:lok:39700:39700:sfx2/source/view/lokhelper.cxx:1118: no explicit viewshell set
warn:lok:39700:39700:sfx2/source/view/lokhelper.cxx:1118: no explicit viewshell set
warn:lok:39700:39700:sfx2/source/view/lokhelper.cxx:1118: no explicit viewshell set
warn:lok:39700:39700:sfx2/source/view/lokhelper.cxx:1118: no explicit viewshell set
warn:lok:39700:39700:desktop/source/lib/init.cxx:285: lok exception 'Flavor text/plain;charset=utf-16 is not supported'
warn:svx.dialog:39700:39702:svx/source/dialog/rlrcitem.cxx:75: SvxTabStopItem expected
warn:lok:39700:39700:desktop/source/lib/init.cxx:285: lok exception 'Flavor text/plain;charset=utf-16 is not supported'
warn:lok:39700:39700:sfx2/source/view/lokhelper.cxx:1118: no explicit viewshell set
warn:lok:39700:39700:sfx2/source/view/lokhelper.cxx:1118: no explicit viewshell set
warn:lok:39700:39700:sfx2/source/view/lokhelper.cxx:1118: no explicit viewshell set
warn:lok:39700:39700:sfx2/source/view/lokhelper.cxx:1118: no explicit viewshell set
warn:lok:39700:39700:desktop/source/lib/init.cxx:285: lok exception 'Flavor text/plain;charset=utf-16 is not supported'
warn:svl:39700:39700:svl/source/undo/undo.cxx:1174: SfxUndoManager::MarkTopUndoAction(): suspicious call!
warn:svx.dialog:39700:39702:svx/source/dialog/rlrcitem.cxx:75: SvxTabStopItem expected
warn:lok:39700:39700:desktop/source/lib/init.cxx:285: lok exception 'Flavor text/plain;charset=utf-16 is not supported'
warn:sw.core:39700:39700:sw/source/core/doc/docfmt.cxx:1666: Found unknown auto SwNumRule during reset!
warn:sw.core:39700:39700:sw/source/core/doc/docfmt.cxx:1666: Found unknown auto SwNumRule during reset!
warn:sw.core:39700:39700:sw/source/core/doc/docfmt.cxx:1666: Found unknown auto SwNumRule during reset!
warn:sw.core:39700:39700:sw/source/core/doc/docfmt.cxx:1666: Found unknown auto SwNumRule during reset!
warn:sw.core:39700:39700:sw/source/core/doc/docfmt.cxx:1666: Found unknown auto SwNumRule during reset!
warn:lok:39700:39700:sfx2/source/view/lokhelper.cxx:1118: no explicit viewshell set
warn:lok:39700:39700:sfx2/source/view/lokhelper.cxx:1118: no explicit viewshell set
warn:lok:39700:39700:sfx2/source/view/lokhelper.cxx:1118: no explicit viewshell set
warn:lok:39700:39700:sfx2/source/view/lokhelper.cxx:1118: no explicit viewshell set
warn:lok:39700:39700:desktop/source/lib/init.cxx:285: lok exception 'Flavor text/plain;charset=utf-16 is not supported'
warn:svl:39700:39700:svl/source/undo/undo.cxx:1174: SfxUndoManager::MarkTopUndoAction(): suspicious call!
warn:svx.dialog:39700:39702:svx/source/dialog/rlrcitem.cxx:75: SvxTabStopItem expected
warn:lok:39700:39700:desktop/source/lib/init.cxx:285: lok exception 'Flavor text/plain;charset=utf-16 is not supported'
warn:sw.core:39700:39700:sw/source/core/doc/docfmt.cxx:1666: Found unknown auto SwNumRule during reset!
warn:sw.core:39700:39700:sw/source/core/doc/docfmt.cxx:1666: Found unknown auto SwNumRule during reset!
warn:sw.core:39700:39700:sw/source/core/doc/docfmt.cxx:1666: Found unknown auto SwNumRule during reset!
warn:sw.core:39700:39700:sw/source/core/doc/docfmt.cxx:1666: Found unknown auto SwNumRule during reset!
warn:sw.core:39700:39700:sw/source/core/doc/docfmt.cxx:1666: Found unknown auto SwNumRule during reset!
warn:lok:39700:39700:sfx2/source/view/lokhelper.cxx:1118: no explicit viewshell set
warn:lok:39700:39700:sfx2/source/view/lokhelper.cxx:1118: no explicit viewshell set
warn:lok:39700:39700:sfx2/source/view/lokhelper.cxx:1118: no explicit viewshell set
warn:lok:39700:39700:sfx2/source/view/lokhelper.cxx:1118: no explicit viewshell set
warn:lok:39700:39700:desktop/source/lib/init.cxx:285: lok exception 'Flavor text/plain;charset=utf-16 is not supported'
warn:svx.dialog:39700:39702:svx/source/dialog/rlrcitem.cxx:75: SvxTabStopItem expected
warn:lok:39700:39700:desktop/source/lib/init.cxx:285: lok exception 'Flavor text/plain;charset=utf-16 is not supported'
warn:lok:39700:39700:sfx2/source/view/lokhelper.cxx:1118: no explicit viewshell set
warn:lok:39700:39700:sfx2/source/view/lokhelper.cxx:1118: no explicit viewshell set
warn:lok:39700:39700:sfx2/source/view/lokhelper.cxx:1118: no explicit viewshell set
warn:lok:39700:39700:sfx2/source/view/lokhelper.cxx:1118: no explicit viewshell set
warn:lok:39700:39700:desktop/source/lib/init.cxx:285: lok exception 'Flavor text/plain;charset=utf-16 is not supported'
warn:svx.dialog:39700:39702:svx/source/dialog/rlrcitem.cxx:75: SvxTabStopItem expected
warn:lok:39700:39700:desktop/source/lib/init.cxx:285: lok exception 'Flavor text/plain;charset=utf-16 is not supported'
warn:lok:39700:39700:sfx2/source/view/lokhelper.cxx:1118: no explicit viewshell set
warn:lok:39700:39700:sfx2/source/view/lokhelper.cxx:1118: no explicit viewshell set
warn:lok:39700:39700:sfx2/source/view/lokhelper.cxx:1118: no explicit viewshell set
warn:lok:39700:39700:sfx2/source/view/lokhelper.cxx:1118: no explicit viewshell set
warn:lok:39700:39700:desktop/source/lib/init.cxx:285: lok exception 'Flavor text/plain;charset=utf-16 is not supported'
warn:svx.dialog:39700:39702:svx/source/dialog/rlrcitem.cxx:75: SvxTabStopItem expected
warn:lok:39700:39700:desktop/source/lib/init.cxx:285: lok exception 'Flavor text/plain;charset=utf-16 is not supported'
warn:lok:39700:39700:sfx2/source/view/lokhelper.cxx:1118: no explicit viewshell set
warn:lok:39700:39700:sfx2/source/view/lokhelper.cxx:1118: no explicit viewshell set
warn:lok:39700:39700:sfx2/source/view/lokhelper.cxx:1118: no explicit viewshell set
warn:lok:39700:39700:sfx2/source/view/lokhelper.cxx:1118: no explicit viewshell set
warn:lok:39700:39700:desktop/source/lib/init.cxx:285: lok exception 'Flavor text/plain;charset=utf-16 is not supported'
warn:svx.dialog:39700:39702:svx/source/dialog/rlrcitem.cxx:75: SvxTabStopItem expected
warn:lok:39700:39700:desktop/source/lib/init.cxx:285: lok exception 'Flavor text/plain;charset=utf-16 is not supported'
warn:lok:39700:39700:sfx2/source/view/lokhelper.cxx:1118: no explicit viewshell set
warn:lok:39700:39700:sfx2/source/view/lokhelper.cxx:1118: no explicit viewshell set
warn:lok:39700:39700:sfx2/source/view/lokhelper.cxx:1118: no explicit viewshell set
warn:lok:39700:39700:sfx2/source/view/lokhelper.cxx:1118: no explicit viewshell set
warn:lok:39700:39700:desktop/source/lib/init.cxx:285: lok exception 'Flavor text/plain;charset=utf-16 is not supported'
warn:svx.dialog:39700:39702:svx/source/dialog/rlrcitem.cxx:75: SvxTabStopItem expected
warn:lok:39700:39700:desktop/source/lib/init.cxx:285: lok exception 'Flavor text/plain;charset=utf-16 is not supported'
warn:lok:39700:39700:desktop/source/lib/init.cxx:285: lok exception 'Flavor text/plain;charset=utf-16 is not supported'
warn:lok:39700:39700:desktop/source/lib/init.cxx:285: lok exception 'Flavor text/plain;charset=utf-16 is not supported'
warn:lok:39700:39700:desktop/source/lib/init.cxx:285: lok exception 'Flavor text/plain;charset=utf-16 is not supported'
warn:lok:39700:39700:desktop/source/lib/init.cxx:285: lok exception 'Flavor text/plain;charset=utf-16 is not supported'
warn:lok:39700:39700:sfx2/source/view/lokhelper.cxx:1118: no explicit viewshell set
warn:lok:39700:39700:sfx2/source/view/lokhelper.cxx:1118: no explicit viewshell set
warn:lok:39700:39700:sfx2/source/view/lokhelper.cxx:1118: no explicit viewshell set
warn:lok:39700:39700:sfx2/source/view/lokhelper.cxx:1118: no explicit viewshell set
warn:lok:39700:39700:desktop/source/lib/init.cxx:285: lok exception 'Flavor text/plain;charset=utf-16 is not supported'
warn:svx.dialog:39700:39702:svx/source/dialog/rlrcitem.cxx:75: SvxTabStopItem expected
warn:lok:39700:39700:desktop/source/lib/init.cxx:285: lok exception 'Flavor text/plain;charset=utf-16 is not supported'
warn:lok:39700:39700:desktop/source/lib/init.cxx:285: lok exception 'Flavor text/plain;charset=utf-16 is not supported'
warn:lok:39700:39700:desktop/source/lib/init.cxx:285: lok exception 'Flavor text/plain;charset=utf-16 is not supported'
warn:lok:39700:39700:desktop/source/lib/init.cxx:285: lok exception 'Flavor text/plain;charset=utf-16 is not supported'
warn:lok:39700:39700:desktop/source/lib/init.cxx:285: lok exception 'Flavor text/plain;charset=utf-16 is not supported'
warn:lok:39700:39700:sfx2/source/view/lokhelper.cxx:1118: no explicit viewshell set
warn:lok:39700:39700:sfx2/source/view/lokhelper.cxx:1118: no explicit viewshell set
warn:lok:39700:39700:sfx2/source/view/lokhelper.cxx:1118: no explicit viewshell set
warn:lok:39700:39700:sfx2/source/view/lokhelper.cxx:1118: no explicit viewshell set
warn:lok:39700:39700:desktop/source/lib/init.cxx:285: lok exception 'Flavor text/plain;charset=utf-16 is not supported'
warn:svx.dialog:39700:39702:svx/source/dialog/rlrcitem.cxx:75: SvxTabStopItem expected
Unspecified Application Error
